Microchip MPLAB XC8 Compiler V2.32

Linker command line:

-W-3 --edf=C:\Program Files\Microchip\xc8\v2.32\pic\dat\en_msgs.txt -cn \
  -h+dist/default/debug\ESCLAVO_3_MPLAB.debug.sym \
  --cmf=dist/default/debug\ESCLAVO_3_MPLAB.debug.cmf -z -Q16F887 \
  -oC:\Users\jocar\AppData\Local\Temp\xcAses4.4 --defsym=__MPLAB_BUILD=1 \
  -Mdist/default/debug/ESCLAVO_3_MPLAB.debug.map -E1 -ver=XC8 Compiler \
  --acfsm=1493 -ASTACK=0110h-016Fh -pstack=STACK \
  -ACODE=00h-07FFhx3,01800h-01EFFh,01FFFh-01FFFh \
  -ASTRCODE=00h-01EFFh,01FFFh-01FFFh -ASTRING=00h-0FFhx31,01FFFh-01FFFh \
  -ACONST=00h-0FFhx31,01FFFh-01FFFh -AENTRY=00h-0FFhx31,01FFFh-01FFFh \
  -ACOMMON=071h-07Fh -ABANK0=020h-06Fh -ABANK1=0A0h-0EFh \
  -ABANK2=0110h-016Fh -ABANK3=0190h-01E4h \
  -ARAM=020h-06Fh,0A0h-0EFh,0110h-016Fh,0190h-01E4h \
  -AABS1=020h-07Fh,0A0h-0EFh,0110h-016Fh,0190h-01EFh -ASFR0=00h-01Fh \
  -ASFR1=080h-09Fh -ASFR2=0100h-010Fh -ASFR3=0180h-018Fh \
  -ACONFIG=02007h-02008h -DCONFIG=2 -AIDLOC=02000h-02003h -DIDLOC=2 \
  -AEEDATA=00h-0FFh/02100h -peeprom_data=EEDATA -DEEDATA=2 -DCODE=2 \
  -DSTRCODE=2 -DSTRING=2 -DCONST=2 -DENTRY=2 \
  -preset_vec=00h,intentry=04h,init,end_init -ppowerup=CODE -pcinit=CODE \
  -pfunctab=ENTRY -k C:\Users\jocar\AppData\Local\Temp\xcAses4.o \
  dist/default/debug\ESCLAVO_3_MPLAB.debug.o 

Object code version is 3.11

Machine type is 16F887



                Name                               Link     Load   Length Selector   Space Scale
C:\Users\jocar\AppData\Local\Temp\xcAses4.o
                end_init                              C        C        3        8       0
                reset_vec                             0        0        4        0       0
                config                             2007     2007        2        0       4
dist/default/debug\ESCLAVO_3_MPLAB.debug.o
                cinit                               7F8      7F8        8      FF0       0
                intentry                              4        4        8        8       0
                config                             2007     2007        2        0       4
                text13                              1B5      1B5       1E      36A       0
                text12                              190      190        A      320       0
                text11                              18A      18A        6      314       0
                text10                              1FC      1FC       2A      3F8       0
                text9                               1D3      1D3       29      3A6       0
                text8                               497      497      361      92E       0
                text7                               35F      35F       7C      6BE       0
                text6                               3DB      3DB       BC      7B6       0
                text5                               226      226       2E      44C       0
                text4                               254      254       2E      4A8       0
                text3                               19A      19A       1B      334       0
                text2                               282      282       30      504       0
                text1                               2B2      2B2       36      564       0
                maintext                            2E8      2E8       77      5D0       0
                cstackBANK0                          20       20       38       20       1
                cstackCOMMON                         71       71        5       71       1
                bssCOMMON                            76       76        4       71       1

TOTAL           Name                               Link     Load   Length     Space
        CLASS   STACK          

        CLASS   CODE           
                end_init                              C        C        3         0
                cinit                               7F8      7F8        8         0
                intentry                              4        4        8         0
                reset_vec                             0        0        4         0
                text13                              1B5      1B5       1E         0
                text12                              190      190        A         0
                text11                              18A      18A        6         0
                text10                              1FC      1FC       2A         0
                text9                               1D3      1D3       29         0
                text8                               497      497      361         0
                text7                               35F      35F       7C         0
                text6                               3DB      3DB       BC         0
                text5                               226      226       2E         0
                text4                               254      254       2E         0
                text3                               19A      19A       1B         0
                text2                               282      282       30         0
                text1                               2B2      2B2       36         0
                maintext                            2E8      2E8       77         0

        CLASS   STRCODE        

        CLASS   STRING         

        CLASS   CONST          

        CLASS   ENTRY          

        CLASS   COMMON         
                cstackCOMMON                         71       71        5         1
                bssCOMMON                            76       76        4         1

        CLASS   BANK0          
                cstackBANK0                          20       20       38         1

        CLASS   BANK1          

        CLASS   BANK2          

        CLASS   BANK3          

        CLASS   RAM            

        CLASS   ABS1           
                abs_s1                               7E       7E        2         1

        CLASS   SFR0           

        CLASS   SFR1           

        CLASS   SFR2           

        CLASS   SFR3           

        CLASS   CONFIG         
                config                             2007     2007        2         4

        CLASS   IDLOC          

        CLASS   EEDATA         



SEGMENTS        Name                           Load    Length   Top    Selector   Space  Class     Delta

                reset_vec                      000000  000004  000004         0       0  CODE        2
                intentry                       000004  00000B  00000F         8       0  CODE        2
                cstackBANK0                    000020  000038  000058        20       1  BANK0       1
                cstackCOMMON                   000071  000009  00007A        71       1  COMMON      1
                text11                         00018A  000006  000190       314       0  CODE        2
                text12                         000190  00000A  00019A       320       0  CODE        2
                text3                          00019A  00001B  0001B5       334       0  CODE        2
                text13                         0001B5  00001E  0001D3       36A       0  CODE        2
                text9                          0001D3  000029  0001FC       3A6       0  CODE        2
                text10                         0001FC  00002A  000226       3F8       0  CODE        2
                text5                          000226  00002E  000254       44C       0  CODE        2
                text4                          000254  00002E  000282       4A8       0  CODE        2
                text2                          000282  000030  0002B2       504       0  CODE        2
                text1                          0002B2  000036  0002E8       564       0  CODE        2
                maintext                       0002E8  000077  00035F       5D0       0  CODE        2
                text7                          00035F  00007C  0003DB       6BE       0  CODE        2
                text6                          0003DB  0000BC  000497       7B6       0  CODE        2
                text8                          000497  000361  0007F8       92E       0  CODE        2
                cinit                          0007F8  000008  000800       FF0       0  CODE        2


UNUSED ADDRESS RANGES

        Name                Unused          Largest block    Delta
        BANK0            0058-006F             18           1
        BANK1            00A0-00EF             50           1
        BANK2            0110-016F             60           1
        BANK3            0190-01E4             55           1
        CODE             000F-0189            17B           2
                         0800-1EFF            800
                         1FFF-1FFF              1
        COMMON           007A-007D              4           1
        CONST            000F-0189             F1           2
                         0800-1EFF            100
                         1FFF-1FFF              1
        EEDATA           2100-21FF            100           2
        ENTRY            000F-0189             F1           2
                         0800-1EFF            100
                         1FFF-1FFF              1
        IDLOC            2000-2003              4           2
        RAM              0058-006F             18           1
                         00A0-00EF             50
                         0110-016F             60
                         0190-01E4             55
        SFR0             0000-001F             20           1
        SFR1             0080-009F             20           1
        SFR2             0100-010F             10           1
        SFR3             0180-018F             10           1
        STACK            0110-016F             60           1
        STRCODE          000F-0189            17B           2
                         0800-1EFF           1700
                         1FFF-1FFF              1
        STRING           000F-0189             F1           2
                         0800-1EFF            100
                         1FFF-1FFF              1

                                  Symbol Table

?__Umul8_16              cstackBANK0  0020
?___flmul                cstackBANK0  002E
?___fltol                cstackBANK0  0048
?___xxtofl               cstackBANK0  0020
InitMSSP@Modo            cstackCOMMON 0075
WriteMSSP@Data           cstackCOMMON 0071
_ADC                     text13       01B5
_ADCON0bits              (abs)        001F
_ADCON1bits              (abs)        009F
_ADRESH                  (abs)        001E
_ANSEL                   (abs)        0188
_ANSELH                  (abs)        0189
_INTCONbits              (abs)        000B
_InitMSSP                text4        0254
_OSCCONbits              (abs)        008F
_PIE1bits                (abs)        008C
_PIR1bits                (abs)        000C
_PORTB                   (abs)        0006
_PORTD                   (abs)        0008
_PORTE                   (abs)        0009
_PORTEbits               (abs)        0009
_ReadMSSP                text12       0190
_SSPBUF                  (abs)        0013
_SSPCON                  (abs)        0014
_SSPCONbits              (abs)        0014
_SSPIF                   (abs)        0063
_SSPSTAT                 (abs)        0094
_SSPSTATbits             (abs)        0094
_TRISA                   (abs)        0085
_TRISAbits               (abs)        0085
_TRISB                   (abs)        0086
_TRISCbits               (abs)        0087
_TRISD                   (abs)        0088
_TRISE                   (abs)        0089
_WriteMSSP               text11       018A
__Habs1                  abs1         0000
__Hbank0                 bank0        0000
__Hbank1                 bank1        0000
__Hbank2                 bank2        0000
__Hbank3                 bank3        0000
__HbssCOMMON             bssCOMMON    0000
__Hcinit                 cinit        0800
__Hclrtext               clrtext      0000
__Hcode                  code         0000
__Hcommon                common       0000
__Hconfig                config       2009
__HcstackBANK0           cstackBANK0  0000
__HcstackCOMMON          cstackCOMMON 0000
__Heeprom_data           eeprom_data  0000
__Hend_init              end_init     000F
__Hfunctab               functab      0000
__Hinit                  init         000C
__Hintentry              intentry     000C
__Hmaintext              maintext     0000
__Hpowerup               powerup      0000
__Hram                   ram          0000
__Hreset_vec             reset_vec    0004
__Hsfr0                  sfr0         0000
__Hsfr1                  sfr1         0000
__Hsfr2                  sfr2         0000
__Hsfr3                  sfr3         0000
__Hspace_0               (abs)        0800
__Hspace_1               (abs)        007A
__Hspace_2               (abs)        0000
__Hspace_3               (abs)        0000
__Hspace_4               (abs)        4010
__Hstack                 stack        0000
__Hstrings               strings      0000
__Htext                  text         0000
__Labs1                  abs1         0000
__Lbank0                 bank0        0000
__Lbank1                 bank1        0000
__Lbank2                 bank2        0000
__Lbank3                 bank3        0000
__LbssCOMMON             bssCOMMON    0000
__Lcinit                 cinit        07F8
__Lclrtext               clrtext      0000
__Lcode                  code         0000
__Lcommon                common       0000
__Lconfig                config       0000
__LcstackBANK0           cstackBANK0  0000
__LcstackCOMMON          cstackCOMMON 0000
__Leeprom_data           eeprom_data  0000
__Lend_init              end_init     000C
__Lfunctab               functab      0000
__Linit                  init         000C
__Lintentry              intentry     0004
__Lmaintext              maintext     0000
__Lpowerup               powerup      0000
__Lram                   ram          0000
__Lreset_vec             reset_vec    0000
__Lsfr0                  sfr0         0000
__Lsfr1                  sfr1         0000
__Lsfr2                  sfr2         0000
__Lsfr3                  sfr3         0000
__Lspace_0               (abs)        0000
__Lspace_1               (abs)        0000
__Lspace_2               (abs)        0000
__Lspace_3               (abs)        0000
__Lspace_4               (abs)        0000
__Lstack                 stack        0000
__Lstrings               strings      0000
__Ltext                  text         0000
__S0                     (abs)        0800
__S1                     (abs)        007A
__S2                     (abs)        0000
__S3                     (abs)        0000
__Umul8_16               text9        01D3
__Umul8_16@multiplicand  cstackBANK0  0020
__Umul8_16@multiplier    cstackBANK0  0028
__Umul8_16@product       cstackBANK0  0024
__Umul8_16@word_mpld     cstackBANK0  0026
___flmul                 text8        0497
___flmul@a               cstackBANK0  0032
___flmul@aexp            cstackBANK0  003C
___flmul@b               cstackBANK0  002E
___flmul@bexp            cstackBANK0  0041
___flmul@grs             cstackBANK0  003D
___flmul@prod            cstackBANK0  0042
___flmul@sign            cstackBANK0  003B
___flmul@temp            cstackBANK0  0046
___fltol                 text7        035F
___fltol@exp1            cstackBANK0  0052
___fltol@f1              cstackBANK0  0048
___fltol@sign1           cstackBANK0  0051
___int_sp                stack        0000
___latbits               (abs)        0002
___sp                    stack        0000
___stackhi               (abs)        0000
___stacklo               (abs)        0000
___xxtofl                text6        03DB
___xxtofl@arg            cstackBANK0  002A
___xxtofl@exp            cstackBANK0  0029
___xxtofl@sign           cstackBANK0  0028
___xxtofl@val            cstackBANK0  0020
__end_of_ADC             text13       01D3
__end_of_InitMSSP        text4        0282
__end_of_ReadMSSP        text12       019A
__end_of_WriteMSSP       text11       0190
__end_of__Umul8_16       text9        01FC
__end_of___flmul         text8        07F8
__end_of___fltol         text7        03DB
__end_of___xxtofl        text6        0497
__end_of__initialization cinit        07FC
__end_of_config_ADC      text3        01B5
__end_of_conversion      text5        0254
__end_of_initOsc         text2        02B2
__end_of_isr             text10       0226
__end_of_main            maintext     035F
__end_of_setup           text1        02E8
__initialization         cinit        07F8
__pbssCOMMON             bssCOMMON    0076
__pcstackBANK0           cstackBANK0  0020
__pcstackCOMMON          cstackCOMMON 0071
__pintentry              intentry     0004
__pmaintext              maintext     02E8
__ptext1                 text1        02B2
__ptext10                text10       01FC
__ptext11                text11       018A
__ptext12                text12       0190
__ptext13                text13       01B5
__ptext2                 text2        0282
__ptext3                 text3        019A
__ptext4                 text4        0254
__ptext5                 text5        0226
__ptext6                 text6        03DB
__ptext7                 text7        035F
__ptext8                 text8        0497
__ptext9                 text9        01D3
__size_of_ADC            (abs)        0000
__size_of_InitMSSP       (abs)        0000
__size_of_ReadMSSP       (abs)        0000
__size_of_WriteMSSP      (abs)        0000
__size_of__Umul8_16      (abs)        0000
__size_of___flmul        (abs)        0000
__size_of___fltol        (abs)        0000
__size_of___xxtofl       (abs)        0000
__size_of_config_ADC     (abs)        0000
__size_of_conversion     (abs)        0000
__size_of_initOsc        (abs)        0000
__size_of_isr            (abs)        0000
__size_of_main           (abs)        0000
__size_of_setup          (abs)        0000
_config_ADC              text3        019A
_cont1                   bssCOMMON    0079
_cont2                   bssCOMMON    0078
_conversion              text5        0226
_initOsc                 text2        0282
_isr                     text10       01FC
_main                    maintext     02E8
_read2                   bssCOMMON    0077
_setup                   text1        02B2
_temp                    bssCOMMON    0076
btemp                    (abs)        007E
config_ADC@channel       cstackBANK0  0020
end_of_initialization    cinit        07FC
initOsc@Valor            cstackCOMMON 0075
interrupt_function       intentry     0004
intlevel0                functab      0000
intlevel1                functab      0000
intlevel2                functab      0000
intlevel3                functab      0000
intlevel4                functab      0000
intlevel5                functab      0000
reset_vec                reset_vec    0000
saved_w                  (abs)        007E
start                    init         000C
start_initialization     cinit        07F8
wtemp0                   (abs)        007E


MODULE INFORMATION

Module		Function		Class		Link	Load	Size
ESCLAVO3.c
		_main          		CODE           	02E8	0000	119
		_isr           		CODE           	01FC	0000	42
		_setup         		CODE           	02B2	0000	54

ESCLAVO3.c estimated size: 215

C:\Program Files\Microchip\xc8\v2.32\pic\sources\c90\common\xxtofl.c
		___xxtofl      		CODE           	03DB	0000	188

C:\Program Files\Microchip\xc8\v2.32\pic\sources\c90\common\xxtofl.c estimated size: 188

C:\Program Files\Microchip\xc8\v2.32\pic\sources\c90\common\Umul8_16.c
		__Umul8_16     		CODE           	01D3	0000	41

C:\Program Files\Microchip\xc8\v2.32\pic\sources\c90\common\Umul8_16.c estimated size: 41

Oscilador.c
		_initOsc       		CODE           	0282	0000	48

Oscilador.c estimated size: 48

shared
		__initialization		CODE           	07F8	0000	4

shared estimated size: 4

ADC.c
		_ADC           		CODE           	01B5	0000	30
		_conversion    		CODE           	0226	0000	46
		_config_ADC    		CODE           	019A	0000	27

ADC.c estimated size: 103

C:\Program Files\Microchip\xc8\v2.32\pic\sources\c90\common\sprcmul.c
		___flmul       		CODE           	0497	0000	865

C:\Program Files\Microchip\xc8\v2.32\pic\sources\c90\common\sprcmul.c estimated size: 865

SPI.c
		_InitMSSP      		CODE           	0254	0000	46
		_ReadMSSP      		CODE           	0190	0000	10
		_WriteMSSP     		CODE           	018A	0000	6

SPI.c estimated size: 62

C:\Program Files\Microchip\xc8\v2.32\pic\sources\c90\common\fltol.c
		___fltol       		CODE           	035F	0000	124

C:\Program Files\Microchip\xc8\v2.32\pic\sources\c90\common\fltol.c estimated size: 124

