Microchip MPLAB XC8 Compiler V2.32

Linker command line:

-W-3 --edf=C:\Program Files\Microchip\xc8\v2.32\pic\dat\en_msgs.txt -cn \
  -h+dist/default/debug\ESCLAVO_3_MPLAB.debug.sym \
  --cmf=dist/default/debug\ESCLAVO_3_MPLAB.debug.cmf -z -Q16F887 \
  -oC:\Users\jocar\AppData\Local\Temp\xcAsehk.6 --defsym=__MPLAB_BUILD=1 \
  -Mdist/default/debug/ESCLAVO_3_MPLAB.debug.map -E1 -ver=XC8 Compiler \
  --acfsm=1493 -ASTACK=0110h-016Fh -pstack=STACK \
  -ACODE=00h-07FFhx3,01800h-01EFFh,01FFFh-01FFFh \
  -ASTRCODE=00h-01EFFh,01FFFh-01FFFh -ASTRING=00h-0FFhx31,01FFFh-01FFFh \
  -ACONST=00h-0FFhx31,01FFFh-01FFFh -AENTRY=00h-0FFhx31,01FFFh-01FFFh \
  -ACOMMON=071h-07Fh -ABANK0=020h-06Fh -ABANK1=0A0h-0EFh \
  -ABANK2=0110h-016Fh -ABANK3=0190h-01E4h \
  -ARAM=020h-06Fh,0A0h-0EFh,0110h-016Fh,0190h-01E4h \
  -AABS1=020h-07Fh,0A0h-0EFh,0110h-016Fh,0190h-01EFh -ASFR0=00h-01Fh \
  -ASFR1=080h-09Fh -ASFR2=0100h-010Fh -ASFR3=0180h-018Fh \
  -ACONFIG=02007h-02008h -DCONFIG=2 -AIDLOC=02000h-02003h -DIDLOC=2 \
  -AEEDATA=00h-0FFh/02100h -peeprom_data=EEDATA -DEEDATA=2 -DCODE=2 \
  -DSTRCODE=2 -DSTRING=2 -DCONST=2 -DENTRY=2 \
  -preset_vec=00h,intentry=04h,init,end_init -ppowerup=CODE -pcinit=CODE \
  -pfunctab=ENTRY -k C:\Users\jocar\AppData\Local\Temp\xcAsehk.o \
  dist/default/debug\ESCLAVO_3_MPLAB.debug.o 

Object code version is 3.11

Machine type is 16F887



                Name                               Link     Load   Length Selector   Space Scale
C:\Users\jocar\AppData\Local\Temp\xcAsehk.o
                end_init                              C        C        3        8       0
                reset_vec                             0        0        4        0       0
                config                             2007     2007        2        0       4
dist/default/debug\ESCLAVO_3_MPLAB.debug.o
                cinit                               7F6      7F6        A      FEC       0
                intentry                              4        4        8        8       0
                config                             2007     2007        2        0       4
                text11                              610      610       1E      C20       0
                text10                              5E0      5E0       15      BC0       0
                text9                               5D6      5D6        A      BAC       0
                text8                               5D0      5D0        6      BA0       0
                text7                               70E      70E       69      E1C       0
                text6                               62E      62E       25      C5C       0
                text5                               653      653       2E      CA6       0
                text4                               6AF      6AF       2F      D5E       0
                text3                               5F5      5F5       1B      BEA       0
                text2                               6DE      6DE       30      DBC       0
                text1                               681      681       2E      D02       0
                maintext                            777      777       7F      EEE       0
                cstackBANK0                          20       20        D       20       1
                cstackCOMMON                         71       71        9       71       1
                bssBANK0                             2D       2D        3       20       1
                bssCOMMON                            7A       7A        1       71       1

TOTAL           Name                               Link     Load   Length     Space
        CLASS   STACK          

        CLASS   CODE           
                end_init                              C        C        3         0
                cinit                               7F6      7F6        A         0
                intentry                              4        4        8         0
                reset_vec                             0        0        4         0
                text11                              610      610       1E         0
                text10                              5E0      5E0       15         0
                text9                               5D6      5D6        A         0
                text8                               5D0      5D0        6         0
                text7                               70E      70E       69         0
                text6                               62E      62E       25         0
                text5                               653      653       2E         0
                text4                               6AF      6AF       2F         0
                text3                               5F5      5F5       1B         0
                text2                               6DE      6DE       30         0
                text1                               681      681       2E         0
                maintext                            777      777       7F         0

        CLASS   STRCODE        

        CLASS   STRING         

        CLASS   CONST          

        CLASS   ENTRY          

        CLASS   COMMON         
                cstackCOMMON                         71       71        9         1
                bssCOMMON                            7A       7A        1         1

        CLASS   BANK0          
                cstackBANK0                          20       20        D         1
                bssBANK0                             2D       2D        3         1

        CLASS   BANK1          

        CLASS   BANK2          

        CLASS   BANK3          

        CLASS   RAM            

        CLASS   ABS1           
                abs_s1                               7E       7E        2         1

        CLASS   SFR0           

        CLASS   SFR1           

        CLASS   SFR2           

        CLASS   SFR3           

        CLASS   CONFIG         
                config                             2007     2007        2         4

        CLASS   IDLOC          

        CLASS   EEDATA         



SEGMENTS        Name                           Load    Length   Top    Selector   Space  Class     Delta

                reset_vec                      000000  000004  000004         0       0  CODE        2
                intentry                       000004  00000B  00000F         8       0  CODE        2
                cstackBANK0                    000020  000010  000030        20       1  BANK0       1
                cstackCOMMON                   000071  00000A  00007B        71       1  COMMON      1
                text8                          0005D0  000006  0005D6       BA0       0  CODE        2
                text9                          0005D6  00000A  0005E0       BAC       0  CODE        2
                text10                         0005E0  000015  0005F5       BC0       0  CODE        2
                text3                          0005F5  00001B  000610       BEA       0  CODE        2
                text11                         000610  00001E  00062E       C20       0  CODE        2
                text6                          00062E  000025  000653       C5C       0  CODE        2
                text5                          000653  00002E  000681       CA6       0  CODE        2
                text1                          000681  00002E  0006AF       D02       0  CODE        2
                text4                          0006AF  00002F  0006DE       D5E       0  CODE        2
                text2                          0006DE  000030  00070E       DBC       0  CODE        2
                text7                          00070E  000069  000777       E1C       0  CODE        2
                maintext                       000777  00007F  0007F6       EEE       0  CODE        2
                cinit                          0007F6  00000A  000800       FEC       0  CODE        2


UNUSED ADDRESS RANGES

        Name                Unused          Largest block    Delta
        BANK0            0030-006F             40           1
        BANK1            00A0-00EF             50           1
        BANK2            0110-016F             60           1
        BANK3            0190-01E4             55           1
        CODE             000F-05CF            5C1           2
                         0800-1EFF            800
                         1FFF-1FFF              1
        COMMON           007B-007D              3           1
        CONST            000F-05CF            100           2
                         0800-1EFF            100
                         1FFF-1FFF              1
        EEDATA           2100-21FF            100           2
        ENTRY            000F-05CF            100           2
                         0800-1EFF            100
                         1FFF-1FFF              1
        IDLOC            2000-2003              4           2
        RAM              0030-006F             40           1
                         00A0-00EF             50
                         0110-016F             60
                         0190-01E4             55
        SFR0             0000-001F             20           1
        SFR1             0080-009F             20           1
        SFR2             0100-010F             10           1
        SFR3             0180-018F             10           1
        STACK            0110-016F             60           1
        STRCODE          000F-05CF            5C1           2
                         0800-1EFF           1700
                         1FFF-1FFF              1
        STRING           000F-05CF            100           2
                         0800-1EFF            100
                         1FFF-1FFF              1

                                  Symbol Table

?___awdiv                cstackBANK0  0020
?___wmul                 cstackCOMMON 0074
InitMSSP@Modo            cstackCOMMON 0074
WriteMSSP@Data           cstackCOMMON 0074
_ADC                     text11       0610
_ADCON0bits              (abs)        001F
_ADCON1bits              (abs)        009F
_ADRESH                  (abs)        001E
_ANSEL                   (abs)        0188
_ANSELH                  (abs)        0189
_INTCONbits              (abs)        000B
_InitMSSP                text4        06AF
_OSCCONbits              (abs)        008F
_PIE1bits                (abs)        008C
_PIR1bits                (abs)        000C
_PORTB                   (abs)        0006
_PORTD                   (abs)        0008
_PORTE                   (abs)        0009
_PORTEbits               (abs)        0009
_ReadMSSP                text9        05D6
_SSPBUF                  (abs)        0013
_SSPCON                  (abs)        0014
_SSPCONbits              (abs)        0014
_SSPSTATbits             (abs)        0094
_TRISA                   (abs)        0085
_TRISAbits               (abs)        0085
_TRISB                   (abs)        0086
_TRISCbits               (abs)        0087
_TRISD                   (abs)        0088
_TRISE                   (abs)        0089
_WriteMSSP               text8        05D0
__Habs1                  abs1         0000
__Hbank0                 bank0        0000
__Hbank1                 bank1        0000
__Hbank2                 bank2        0000
__Hbank3                 bank3        0000
__HbssBANK0              bssBANK0     0000
__HbssCOMMON             bssCOMMON    0000
__Hcinit                 cinit        0800
__Hclrtext               clrtext      0000
__Hcode                  code         0000
__Hcommon                common       0000
__Hconfig                config       2009
__HcstackBANK0           cstackBANK0  0000
__HcstackCOMMON          cstackCOMMON 0000
__Heeprom_data           eeprom_data  0000
__Hend_init              end_init     000F
__Hfunctab               functab      0000
__Hinit                  init         000C
__Hintentry              intentry     000C
__Hmaintext              maintext     0000
__Hpowerup               powerup      0000
__Hram                   ram          0000
__Hreset_vec             reset_vec    0004
__Hsfr0                  sfr0         0000
__Hsfr1                  sfr1         0000
__Hsfr2                  sfr2         0000
__Hsfr3                  sfr3         0000
__Hspace_0               (abs)        0800
__Hspace_1               (abs)        007B
__Hspace_2               (abs)        0000
__Hspace_3               (abs)        0000
__Hspace_4               (abs)        4010
__Hstack                 stack        0000
__Hstrings               strings      0000
__Htext                  text         0000
__Labs1                  abs1         0000
__Lbank0                 bank0        0000
__Lbank1                 bank1        0000
__Lbank2                 bank2        0000
__Lbank3                 bank3        0000
__LbssBANK0              bssBANK0     0000
__LbssCOMMON             bssCOMMON    0000
__Lcinit                 cinit        07F6
__Lclrtext               clrtext      0000
__Lcode                  code         0000
__Lcommon                common       0000
__Lconfig                config       0000
__LcstackBANK0           cstackBANK0  0000
__LcstackCOMMON          cstackCOMMON 0000
__Leeprom_data           eeprom_data  0000
__Lend_init              end_init     000C
__Lfunctab               functab      0000
__Linit                  init         000C
__Lintentry              intentry     0004
__Lmaintext              maintext     0000
__Lpowerup               powerup      0000
__Lram                   ram          0000
__Lreset_vec             reset_vec    0000
__Lsfr0                  sfr0         0000
__Lsfr1                  sfr1         0000
__Lsfr2                  sfr2         0000
__Lsfr3                  sfr3         0000
__Lspace_0               (abs)        0000
__Lspace_1               (abs)        0000
__Lspace_2               (abs)        0000
__Lspace_3               (abs)        0000
__Lspace_4               (abs)        0000
__Lstack                 stack        0000
__Lstrings               strings      0000
__Ltext                  text         0000
__S0                     (abs)        0800
__S1                     (abs)        007B
__S2                     (abs)        0000
__S3                     (abs)        0000
___awdiv                 text7        070E
___awdiv@counter         cstackBANK0  0025
___awdiv@dividend        cstackBANK0  0022
___awdiv@divisor         cstackBANK0  0020
___awdiv@quotient        cstackBANK0  0027
___awdiv@sign            cstackBANK0  0026
___int_sp                stack        0000
___latbits               (abs)        0002
___sp                    stack        0000
___stackhi               (abs)        0000
___stacklo               (abs)        0000
___wmul                  text6        062E
___wmul@multiplicand     cstackCOMMON 0076
___wmul@multiplier       cstackCOMMON 0074
___wmul@product          cstackCOMMON 0078
__end_of_ADC             text11       062E
__end_of_InitMSSP        text4        06DE
__end_of_ReadMSSP        text9        05E0
__end_of_WriteMSSP       text8        05D6
__end_of___awdiv         text7        0777
__end_of___wmul          text6        0653
__end_of__initialization cinit        07FC
__end_of_config_ADC      text3        0610
__end_of_conversion      text5        0681
__end_of_initOsc         text2        070E
__end_of_isr             text10       05F5
__end_of_main            maintext     07F6
__end_of_setup           text1        06AF
__initialization         cinit        07F6
__pbssBANK0              bssBANK0     002D
__pbssCOMMON             bssCOMMON    007A
__pcstackBANK0           cstackBANK0  0020
__pcstackCOMMON          cstackCOMMON 0071
__pintentry              intentry     0004
__pmaintext              maintext     0777
__ptext1                 text1        0681
__ptext10                text10       05E0
__ptext11                text11       0610
__ptext2                 text2        06DE
__ptext3                 text3        05F5
__ptext4                 text4        06AF
__ptext5                 text5        0653
__ptext6                 text6        062E
__ptext7                 text7        070E
__ptext8                 text8        05D0
__ptext9                 text9        05D6
__size_of_ADC            (abs)        0000
__size_of_InitMSSP       (abs)        0000
__size_of_ReadMSSP       (abs)        0000
__size_of_WriteMSSP      (abs)        0000
__size_of___awdiv        (abs)        0000
__size_of___wmul         (abs)        0000
__size_of_config_ADC     (abs)        0000
__size_of_conversion     (abs)        0000
__size_of_initOsc        (abs)        0000
__size_of_isr            (abs)        0000
__size_of_main           (abs)        0000
__size_of_setup          (abs)        0000
_config_ADC              text3        05F5
_cont1                   bssBANK0     002F
_cont2                   bssCOMMON    007A
_conversion              text5        0653
_initOsc                 text2        06DE
_isr                     text10       05E0
_main                    maintext     0777
_main$1150               cstackBANK0  002B
_read2                   bssBANK0     002E
_setup                   text1        0681
_temp                    bssBANK0     002D
btemp                    (abs)        007E
config_ADC@channel       cstackCOMMON 0074
end_of_initialization    cinit        07FC
initOsc@Valor            cstackCOMMON 0074
interrupt_function       intentry     0004
intlevel0                functab      0000
intlevel1                functab      0000
intlevel2                functab      0000
intlevel3                functab      0000
intlevel4                functab      0000
intlevel5                functab      0000
reset_vec                reset_vec    0000
saved_w                  (abs)        007E
start                    init         000C
start_initialization     cinit        07F6
wtemp0                   (abs)        007E


MODULE INFORMATION

Module		Function		Class		Link	Load	Size
ESCLAVO3.c
		_main          		CODE           	0777	0000	127
		_isr           		CODE           	05E0	0000	21
		_setup         		CODE           	0681	0000	46

ESCLAVO3.c estimated size: 194

Oscilador.c
		_initOsc       		CODE           	06DE	0000	48

Oscilador.c estimated size: 48

shared
		__initialization		CODE           	07F6	0000	6

shared estimated size: 6

ADC.c
		_ADC           		CODE           	0610	0000	30
		_conversion    		CODE           	0653	0000	46
		_config_ADC    		CODE           	05F5	0000	27

ADC.c estimated size: 103

SPI.c
		_InitMSSP      		CODE           	06AF	0000	47
		_ReadMSSP      		CODE           	05D6	0000	10
		_WriteMSSP     		CODE           	05D0	0000	6

SPI.c estimated size: 63

C:\Program Files\Microchip\xc8\v2.32\pic\sources\c90\common\awdiv.c
		___awdiv       		CODE           	070E	0000	105

C:\Program Files\Microchip\xc8\v2.32\pic\sources\c90\common\awdiv.c estimated size: 105

C:\Program Files\Microchip\xc8\v2.32\pic\sources\c90\common\Umul16.c
		___wmul        		CODE           	062E	0000	37

C:\Program Files\Microchip\xc8\v2.32\pic\sources\c90\common\Umul16.c estimated size: 37

