Microchip MPLAB XC8 Compiler V2.32

Linker command line:

-W-3 --edf=C:\Program Files\Microchip\xc8\v2.32\pic\dat\en_msgs.txt -cn \
  -h+dist/default/debug\ESCLAVO_2_MPLAB.debug.sym \
  --cmf=dist/default/debug\ESCLAVO_2_MPLAB.debug.cmf -z -Q16F887 \
  -oC:\Users\jocar\AppData\Local\Temp\xcAs43g.4 --defsym=__MPLAB_BUILD=1 \
  -Mdist/default/debug/ESCLAVO_2_MPLAB.debug.map -E1 -ver=XC8 Compiler \
  --acfsm=1493 -ASTACK=0110h-016Fh -pstack=STACK \
  -ACODE=00h-07FFhx3,01800h-01EFFh,01FFFh-01FFFh \
  -ASTRCODE=00h-01EFFh,01FFFh-01FFFh -ASTRING=00h-0FFhx31,01FFFh-01FFFh \
  -ACONST=00h-0FFhx31,01FFFh-01FFFh -AENTRY=00h-0FFhx31,01FFFh-01FFFh \
  -ACOMMON=071h-07Fh -ABANK0=020h-06Fh -ABANK1=0A0h-0EFh \
  -ABANK2=0110h-016Fh -ABANK3=0190h-01E4h \
  -ARAM=020h-06Fh,0A0h-0EFh,0110h-016Fh,0190h-01E4h \
  -AABS1=020h-07Fh,0A0h-0EFh,0110h-016Fh,0190h-01EFh -ASFR0=00h-01Fh \
  -ASFR1=080h-09Fh -ASFR2=0100h-010Fh -ASFR3=0180h-018Fh \
  -ACONFIG=02007h-02008h -DCONFIG=2 -AIDLOC=02000h-02003h -DIDLOC=2 \
  -AEEDATA=00h-0FFh/02100h -peeprom_data=EEDATA -DEEDATA=2 -DCODE=2 \
  -DSTRCODE=2 -DSTRING=2 -DCONST=2 -DENTRY=2 \
  -preset_vec=00h,intentry,init,end_init -ppowerup=CODE -pcinit=CODE \
  -pfunctab=ENTRY -k C:\Users\jocar\AppData\Local\Temp\xcAs43g.o \
  dist/default/debug\ESCLAVO_2_MPLAB.debug.o 

Object code version is 3.11

Machine type is 16F887



                Name                               Link     Load   Length Selector   Space Scale
C:\Users\jocar\AppData\Local\Temp\xcAs43g.o
                end_init                              1        1        3        0       0
                reset_vec                             0        0        1        0       0
                config                             2007     2007        2        0       4
dist/default/debug\ESCLAVO_2_MPLAB.debug.o
                cinit                               7FB      7FB        5      FF6       0
                config                             2007     2007        2        0       4
                text3                               79C      79C       2F      F38       0
                text2                               7CB      7CB       30      F96       0
                text1                               75C      75C       1E      EB8       0
                maintext                            77A      77A       22      EF4       0
                cstackCOMMON                         71       71        2       71       1
                bssCOMMON                            73       73        1       71       1

TOTAL           Name                               Link     Load   Length     Space
        CLASS   STACK          

        CLASS   CODE           
                end_init                              1        1        3         0
                cinit                               7FB      7FB        5         0
                reset_vec                             0        0        1         0
                text3                               79C      79C       2F         0
                text2                               7CB      7CB       30         0
                text1                               75C      75C       1E         0
                maintext                            77A      77A       22         0

        CLASS   STRCODE        

        CLASS   STRING         

        CLASS   CONST          

        CLASS   ENTRY          

        CLASS   COMMON         
                cstackCOMMON                         71       71        2         1
                bssCOMMON                            73       73        1         1

        CLASS   BANK0          

        CLASS   BANK1          

        CLASS   BANK2          

        CLASS   BANK3          

        CLASS   RAM            

        CLASS   ABS1           
                abs_s1                               7E       7E        2         1

        CLASS   SFR0           

        CLASS   SFR1           

        CLASS   SFR2           

        CLASS   SFR3           

        CLASS   CONFIG         
                config                             2007     2007        2         4

        CLASS   IDLOC          

        CLASS   EEDATA         



SEGMENTS        Name                           Load    Length   Top    Selector   Space  Class     Delta

                reset_vec                      000000  000004  000004         0       0  CODE        2
                cstackCOMMON                   000071  000003  000074        71       1  COMMON      1
                text1                          00075C  00001E  00077A       EB8       0  CODE        2
                maintext                       00077A  000022  00079C       EF4       0  CODE        2
                text3                          00079C  00002F  0007CB       F38       0  CODE        2
                text2                          0007CB  000030  0007FB       F96       0  CODE        2
                cinit                          0007FB  000005  000800       FF6       0  CODE        2


UNUSED ADDRESS RANGES

        Name                Unused          Largest block    Delta
        BANK0            0020-006F             50           1
        BANK1            00A0-00EF             50           1
        BANK2            0110-016F             60           1
        BANK3            0190-01E4             55           1
        CODE             0004-075B            758           2
                         0800-1EFF            800
                         1FFF-1FFF              1
        COMMON           0074-007D              A           1
        CONST            0004-075B            100           2
                         0800-1EFF            100
                         1FFF-1FFF              1
        EEDATA           2100-21FF            100           2
        ENTRY            0004-075B            100           2
                         0800-1EFF            100
                         1FFF-1FFF              1
        IDLOC            2000-2003              4           2
        RAM              0020-006F             50           1
                         00A0-00EF             50
                         0110-016F             60
                         0190-01E4             55
        SFR0             0000-001F             20           1
        SFR1             0080-009F             20           1
        SFR2             0100-010F             10           1
        SFR3             0180-018F             10           1
        STACK            0110-016F             60           1
        STRCODE          0004-075B            758           2
                         0800-1EFF           1700
                         1FFF-1FFF              1
        STRING           0004-075B            100           2
                         0800-1EFF            100
                         1FFF-1FFF              1

                                  Symbol Table

InitMSSP@Modo            cstackCOMMON 0071
_ANSEL                   (abs)        0188
_ANSELH                  (abs)        0189
_InitMSSP                text3        079C
_OSCCONbits              (abs)        008F
_PIE1bits                (abs)        008C
_PORTA                   (abs)        0005
_PORTB                   (abs)        0006
_PORTD                   (abs)        0008
_PORTDbits               (abs)        0008
_PORTE                   (abs)        0009
_RD2                     (abs)        0042
_RD3                     (abs)        0043
_SSPBUF                  (abs)        0013
_SSPCON                  (abs)        0014
_SSPCONbits              (abs)        0014
_SSPSTATbits             (abs)        0094
_TRISA                   (abs)        0085
_TRISAbits               (abs)        0085
_TRISB                   (abs)        0086
_TRISCbits               (abs)        0087
_TRISD                   (abs)        0088
_TRISE                   (abs)        0089
__Habs1                  abs1         0000
__Hbank0                 bank0        0000
__Hbank1                 bank1        0000
__Hbank2                 bank2        0000
__Hbank3                 bank3        0000
__HbssCOMMON             bssCOMMON    0000
__Hcinit                 cinit        0800
__Hclrtext               clrtext      0000
__Hcode                  code         0000
__Hcommon                common       0000
__Hconfig                config       2009
__HcstackCOMMON          cstackCOMMON 0000
__Heeprom_data           eeprom_data  0000
__Hend_init              end_init     0004
__Hfunctab               functab      0000
__Hinit                  init         0001
__Hintentry              intentry     0001
__Hmaintext              maintext     0000
__Hpowerup               powerup      0000
__Hram                   ram          0000
__Hreset_vec             reset_vec    0001
__Hsfr0                  sfr0         0000
__Hsfr1                  sfr1         0000
__Hsfr2                  sfr2         0000
__Hsfr3                  sfr3         0000
__Hspace_0               (abs)        0800
__Hspace_1               (abs)        0074
__Hspace_2               (abs)        0000
__Hspace_3               (abs)        0000
__Hspace_4               (abs)        4010
__Hstack                 stack        0000
__Hstrings               strings      0000
__Htext                  text         0000
__Labs1                  abs1         0000
__Lbank0                 bank0        0000
__Lbank1                 bank1        0000
__Lbank2                 bank2        0000
__Lbank3                 bank3        0000
__LbssCOMMON             bssCOMMON    0000
__Lcinit                 cinit        07FB
__Lclrtext               clrtext      0000
__Lcode                  code         0000
__Lcommon                common       0000
__Lconfig                config       0000
__LcstackCOMMON          cstackCOMMON 0000
__Leeprom_data           eeprom_data  0000
__Lend_init              end_init     0001
__Lfunctab               functab      0000
__Linit                  init         0001
__Lintentry              intentry     0001
__Lmaintext              maintext     0000
__Lpowerup               powerup      0000
__Lram                   ram          0000
__Lreset_vec             reset_vec    0000
__Lsfr0                  sfr0         0000
__Lsfr1                  sfr1         0000
__Lsfr2                  sfr2         0000
__Lsfr3                  sfr3         0000
__Lspace_0               (abs)        0000
__Lspace_1               (abs)        0000
__Lspace_2               (abs)        0000
__Lspace_3               (abs)        0000
__Lspace_4               (abs)        0000
__Lstack                 stack        0000
__Lstrings               strings      0000
__Ltext                  text         0000
__S0                     (abs)        0800
__S1                     (abs)        0074
__S2                     (abs)        0000
__S3                     (abs)        0000
___int_sp                stack        0000
___latbits               (abs)        0002
___sp                    stack        0000
___stackhi               (abs)        0000
___stacklo               (abs)        0000
__end_of_InitMSSP        text3        07CB
__end_of__initialization cinit        07FC
__end_of_initOsc         text2        07FB
__end_of_main            maintext     079C
__end_of_setup           text1        077A
__initialization         cinit        07FB
__pbssCOMMON             bssCOMMON    0073
__pcstackCOMMON          cstackCOMMON 0071
__pmaintext              maintext     077A
__ptext1                 text1        075C
__ptext2                 text2        07CB
__ptext3                 text3        079C
__size_of_InitMSSP       (abs)        0000
__size_of_initOsc        (abs)        0000
__size_of_main           (abs)        0000
__size_of_setup          (abs)        0000
_initOsc                 text2        07CB
_main                    maintext     077A
_read1                   bssCOMMON    0073
_setup                   text1        075C
btemp                    (abs)        007E
end_of_initialization    cinit        07FC
initOsc@Valor            cstackCOMMON 0071
intlevel0                functab      0000
intlevel1                functab      0000
intlevel2                functab      0000
intlevel3                functab      0000
intlevel4                functab      0000
intlevel5                functab      0000
reset_vec                reset_vec    0000
start                    init         0001
start_initialization     cinit        07FB
wtemp0                   (abs)        007E


MODULE INFORMATION

Module		Function		Class		Link	Load	Size
Oscilador.c
		_initOsc       		CODE           	07CB	0000	48

Oscilador.c estimated size: 48

ESCLAVO2.c
		_main          		CODE           	077A	0000	34
		_setup         		CODE           	075C	0000	30

ESCLAVO2.c estimated size: 64

shared
		__initialization		CODE           	07FB	0000	1

shared estimated size: 1

SPI.c
		_InitMSSP      		CODE           	079C	0000	47

SPI.c estimated size: 47

