Microchip MPLAB XC8 Compiler V2.32

Linker command line:

-W-3 --edf=C:\Program Files\Microchip\xc8\v2.32\pic\dat\en_msgs.txt -cn \
  -h+dist/default/production\MAESTRO_MPLAB.production.sym \
  --cmf=dist/default/production\MAESTRO_MPLAB.production.cmf -z -Q16F887 \
  -oC:\Users\jocar\AppData\Local\Temp\xcAse6s.4 --defsym=__MPLAB_BUILD=1 \
  -Mdist/default/production/MAESTRO_MPLAB.production.map -E1 \
  -ver=XC8 Compiler --acfsm=1493 -ASTACK=0110h-016Fh -pstack=STACK \
  -ACODE=00h-07FFhx4 -ASTRCODE=00h-01FFFh -ASTRING=00h-0FFhx32 \
  -ACONST=00h-0FFhx32 -AENTRY=00h-0FFhx32 -ACOMMON=070h-07Fh \
  -ABANK0=020h-06Fh -ABANK1=0A0h-0EFh -ABANK2=0110h-016Fh \
  -ABANK3=0190h-01EFh -ARAM=020h-06Fh,0A0h-0EFh,0110h-016Fh,0190h-01EFh \
  -AABS1=020h-07Fh,0A0h-0EFh,0110h-016Fh,0190h-01EFh -ASFR0=00h-01Fh \
  -ASFR1=080h-09Fh -ASFR2=0100h-010Fh -ASFR3=0180h-018Fh \
  -ACONFIG=02007h-02008h -DCONFIG=2 -AIDLOC=02000h-02003h -DIDLOC=2 \
  -AEEDATA=00h-0FFh/02100h -peeprom_data=EEDATA -DEEDATA=2 -DCODE=2 \
  -DSTRCODE=2 -DSTRING=2 -DCONST=2 -DENTRY=2 \
  -preset_vec=00h,intentry,init,end_init -ppowerup=CODE -pcinit=CODE \
  -pfunctab=ENTRY -k C:\Users\jocar\AppData\Local\Temp\xcAse6s.o \
  dist/default/production\MAESTRO_MPLAB.production.o 

Object code version is 3.11

Machine type is 16F887



                Name                               Link     Load   Length Selector   Space Scale
C:\Users\jocar\AppData\Local\Temp\xcAse6s.o
                end_init                              0        0        3        0       0
                config                             2007     2007        2        0       4
dist/default/production\MAESTRO_MPLAB.production.o
                cinit                               7F5      7F5        B      FEA       0
                config                             2007     2007        2        0       4
                text16                              3FF      3FF        E      7FE       0
                text15                              4CA      4CA       43      994       0
                text14                              40D      40D       11      81A       0
                text13                              44E      44E       26      89C       0
                text12                              653      653       65      CA6       0
                text11                              434      434       1A      868       0
                text10                              6B8      6B8       67      D70       0
                text9                               5A1      5A1       59      B42       0
                text8                               550      550       51      AA0       0
                text7                               50D      50D       43      A1A       0
                text6                               49A      49A       30      934       0
                text5                               41E      41E       16      83C       0
                text4                               474      474       26      8E8       0
                text3                               3EF      3EF        7      7DE       0
                text2                               3F6      3F6        9      7EC       0
                text1                               5FA      5FA       59      BF4       0
                maintext                            71F      71F       D6      E3E       0
                cstackBANK0                          20       20        6       20       1
                cstackCOMMON                         70       70        E       70       1
                bssBANK0                             26       26        5       20       1
                strings                               3        3       1D        6       0

TOTAL           Name                               Link     Load   Length     Space
        CLASS   STACK          

        CLASS   CODE           
                end_init                              0        0        3         0
                cinit                               7F5      7F5        B         0
                text16                              3FF      3FF        E         0
                text15                              4CA      4CA       43         0
                text14                              40D      40D       11         0
                text13                              44E      44E       26         0
                text12                              653      653       65         0
                text11                              434      434       1A         0
                text10                              6B8      6B8       67         0
                text9                               5A1      5A1       59         0
                text8                               550      550       51         0
                text7                               50D      50D       43         0
                text6                               49A      49A       30         0
                text5                               41E      41E       16         0
                text4                               474      474       26         0
                text3                               3EF      3EF        7         0
                text2                               3F6      3F6        9         0
                text1                               5FA      5FA       59         0
                maintext                            71F      71F       D6         0

        CLASS   STRCODE        

        CLASS   STRING         
                strings                               3        3       1D         0

        CLASS   CONST          

        CLASS   ENTRY          

        CLASS   COMMON         
                cstackCOMMON                         70       70        E         1

        CLASS   BANK0          
                cstackBANK0                          20       20        6         1
                bssBANK0                             26       26        5         1

        CLASS   BANK1          

        CLASS   BANK2          

        CLASS   BANK3          

        CLASS   RAM            

        CLASS   ABS1           
                abs_s1                               7E       7E        2         1

        CLASS   SFR0           

        CLASS   SFR1           

        CLASS   SFR2           

        CLASS   SFR3           

        CLASS   CONFIG         
                config                             2007     2007        2         4

        CLASS   IDLOC          

        CLASS   EEDATA         



SEGMENTS        Name                           Load    Length   Top    Selector   Space  Class     Delta

                reset_vec                      000000  000003  000003         0       0  CODE        2
                strings                        000003  00001D  000020         6       0  STRING      2
                cstackBANK0                    000020  00000B  00002B        20       1  BANK0       1
                cstackCOMMON                   000070  00000E  00007E        70       1  COMMON      1
                text3                          0003EF  000007  0003F6       7DE       0  CODE        2
                text2                          0003F6  000009  0003FF       7EC       0  CODE        2
                text16                         0003FF  00000E  00040D       7FE       0  CODE        2
                text14                         00040D  000011  00041E       81A       0  CODE        2
                text5                          00041E  000016  000434       83C       0  CODE        2
                text11                         000434  00001A  00044E       868       0  CODE        2
                text13                         00044E  000026  000474       89C       0  CODE        2
                text4                          000474  000026  00049A       8E8       0  CODE        2
                text6                          00049A  000030  0004CA       934       0  CODE        2
                text15                         0004CA  000043  00050D       994       0  CODE        2
                text7                          00050D  000043  000550       A1A       0  CODE        2
                text8                          000550  000051  0005A1       AA0       0  CODE        2
                text9                          0005A1  000059  0005FA       B42       0  CODE        2
                text1                          0005FA  000059  000653       BF4       0  CODE        2
                text12                         000653  000065  0006B8       CA6       0  CODE        2
                text10                         0006B8  000067  00071F       D70       0  CODE        2
                maintext                       00071F  0000D6  0007F5       E3E       0  CODE        2
                cinit                          0007F5  00000B  000800       FEA       0  CODE        2


UNUSED ADDRESS RANGES

        Name                Unused          Largest block    Delta
        BANK0            002B-006F             45           1
        BANK1            00A0-00EF             50           1
        BANK2            0110-016F             60           1
        BANK3            0190-01EF             60           1
        CODE             0020-03EE            3CF           2
                         0800-1FFF            800
        CONST            0020-03EE            100           2
                         0800-1FFF            100
        EEDATA           2100-21FF            100           2
        ENTRY            0020-03EE            100           2
                         0800-1FFF            100
        IDLOC            2000-2003              4           2
        RAM              002B-006F             45           1
                         00A0-00EF             50
                         0110-016F             60
                         0190-01EF             60
        SFR0             0000-001F             20           1
        SFR1             0080-009F             20           1
        SFR2             0100-010F             10           1
        SFR3             0180-018F             10           1
        STACK            0110-016F             60           1
        STRCODE          0020-03EE            3CF           2
                         0800-1FFF           1800
        STRING           0020-03EE            100           2
                         0800-1FFF            100

                                  Symbol Table

?___awdiv                      cstackCOMMON 0070
?___awmod                      cstackCOMMON 0070
?_tabla_numASCII               cstackCOMMON 0070
Escribir_caracterLCD@a         cstackCOMMON 0072
Escribir_comandoLCD@Comando    cstackCOMMON 0071
Escribir_stringLCD@d           cstackCOMMON 0074
Escribir_stringLCD@i           cstackCOMMON 0073
_ADC_dig                       bssBANK0     002A
_ANSEL                         (abs)        0188
_ANSELH                        (abs)        0189
_Escribir_caracterLCD          text14       040D
_Escribir_comandoLCD           text15       04CA
_Escribir_stringLCD            text13       044E
_Iniciar_LCD                   text12       0653
_Limpiar_pantallaLCD           text11       0434
_OSCCONbits                    (abs)        008F
_PORTA                         (abs)        0005
_PORTB                         (abs)        0006
_PORTBbits                     (abs)        0006
_PORTCbits                     (abs)        0007
_PORTD                         (abs)        0008
_PORTDbits                     (abs)        0008
_PORTE                         (abs)        0009
_SSPBUF                        (abs)        0013
_SSPCON                        (abs)        0014
_SSPSTAT                       (abs)        0094
_SSPSTATbits                   (abs)        0094
_TRISA                         (abs)        0085
_TRISB                         (abs)        0086
_TRISC2                        (abs)        043A
_TRISC3                        (abs)        043B
_TRISC5                        (abs)        043D
_TRISD                         (abs)        0088
_TRISE                         (abs)        0089
__Habs1                        abs1         0000
__Hbank0                       bank0        0000
__Hbank1                       bank1        0000
__Hbank2                       bank2        0000
__Hbank3                       bank3        0000
__HbssBANK0                    bssBANK0     0000
__Hcinit                       cinit        0800
__Hclrtext                     clrtext      0000
__Hcode                        code         0000
__Hcommon                      common       0000
__Hconfig                      config       2009
__HcstackBANK0                 cstackBANK0  0000
__HcstackCOMMON                cstackCOMMON 0000
__Heeprom_data                 eeprom_data  0000
__Hend_init                    end_init     0003
__Hfunctab                     functab      0000
__Hinit                        init         0000
__Hintentry                    intentry     0000
__Hmaintext                    maintext     0000
__Hpowerup                     powerup      0000
__Hram                         ram          0000
__Hreset_vec                   reset_vec    0000
__Hsfr0                        sfr0         0000
__Hsfr1                        sfr1         0000
__Hsfr2                        sfr2         0000
__Hsfr3                        sfr3         0000
__Hspace_0                     (abs)        0800
__Hspace_1                     (abs)        007E
__Hspace_2                     (abs)        0000
__Hspace_3                     (abs)        0000
__Hspace_4                     (abs)        4010
__Hstack                       stack        0000
__Hstrings                     strings      0000
__Htext                        text         0000
__Labs1                        abs1         0000
__Lbank0                       bank0        0000
__Lbank1                       bank1        0000
__Lbank2                       bank2        0000
__Lbank3                       bank3        0000
__LbssBANK0                    bssBANK0     0000
__Lcinit                       cinit        07F5
__Lclrtext                     clrtext      0000
__Lcode                        code         0000
__Lcommon                      common       0000
__Lconfig                      config       0000
__LcstackBANK0                 cstackBANK0  0000
__LcstackCOMMON                cstackCOMMON 0000
__Leeprom_data                 eeprom_data  0000
__Lend_init                    end_init     0000
__Lfunctab                     functab      0000
__Linit                        init         0000
__Lintentry                    intentry     0000
__Lmaintext                    maintext     0000
__Lpowerup                     powerup      0000
__Lram                         ram          0000
__Lreset_vec                   reset_vec    0000
__Lsfr0                        sfr0         0000
__Lsfr1                        sfr1         0000
__Lsfr2                        sfr2         0000
__Lsfr3                        sfr3         0000
__Lspace_0                     (abs)        0000
__Lspace_1                     (abs)        0000
__Lspace_2                     (abs)        0000
__Lspace_3                     (abs)        0000
__Lspace_4                     (abs)        0000
__Lstack                       stack        0000
__Lstrings                     strings      0000
__Ltext                        text         0000
__S0                           (abs)        0800
__S1                           (abs)        007E
__S2                           (abs)        0000
__S3                           (abs)        0000
___awdiv                       text10       06B8
___awdiv@counter               cstackCOMMON 0075
___awdiv@dividend              cstackCOMMON 0072
___awdiv@divisor               cstackCOMMON 0070
___awdiv@quotient              cstackCOMMON 0077
___awdiv@sign                  cstackCOMMON 0076
___awmod                       text9        05A1
___awmod@counter               cstackCOMMON 0075
___awmod@dividend              cstackCOMMON 0072
___awmod@divisor               cstackCOMMON 0070
___awmod@sign                  cstackCOMMON 0076
___int_sp                      stack        0000
___latbits                     (abs)        0002
___sp                          stack        0000
___stackhi                     (abs)        0000
___stacklo                     (abs)        0000
__end_of_Escribir_caracterLCD  text14       041E
__end_of_Escribir_comandoLCD   text15       050D
__end_of_Escribir_stringLCD    text13       0474
__end_of_Iniciar_LCD           text12       06B8
__end_of_Limpiar_pantallaLCD   text11       044E
__end_of___awdiv               text10       071F
__end_of___awmod               text9        05FA
__end_of__initialization       cinit        07FC
__end_of__stringtab            strings      0009
__end_of_divisor_dec           text8        05A1
__end_of_initOsc               text6        04CA
__end_of_main                  maintext     07F5
__end_of_prender_ELCD          text16       040D
__end_of_set_cursor            text7        0550
__end_of_setup                 text4        049A
__end_of_spiInit               text5        0434
__end_of_spiRead               text2        03FF
__end_of_spiReceiveWait        text3        03F6
__end_of_tabla_numASCII        text1        0653
__initialization               cinit        07F5
__pbssBANK0                    bssBANK0     0026
__pcstackBANK0                 cstackBANK0  0020
__pcstackCOMMON                cstackCOMMON 0070
__pmaintext                    maintext     071F
__pstrings                     strings      0003
__ptext1                       text1        05FA
__ptext10                      text10       06B8
__ptext11                      text11       0434
__ptext12                      text12       0653
__ptext13                      text13       044E
__ptext14                      text14       040D
__ptext15                      text15       04CA
__ptext16                      text16       03FF
__ptext2                       text2        03F6
__ptext3                       text3        03EF
__ptext4                       text4        0474
__ptext5                       text5        041E
__ptext6                       text6        049A
__ptext7                       text7        050D
__ptext8                       text8        0550
__ptext9                       text9        05A1
__size_of_Escribir_caracterLCD (abs)        0000
__size_of_Escribir_comandoLCD  (abs)        0000
__size_of_Escribir_stringLCD   (abs)        0000
__size_of_Iniciar_LCD          (abs)        0000
__size_of_Limpiar_pantallaLCD  (abs)        0000
__size_of___awdiv              (abs)        0000
__size_of___awmod              (abs)        0000
__size_of_divisor_dec          (abs)        0000
__size_of_initOsc              (abs)        0000
__size_of_main                 (abs)        0000
__size_of_prender_ELCD         (abs)        0000
__size_of_set_cursor           (abs)        0000
__size_of_setup                (abs)        0000
__size_of_spiInit              (abs)        0000
__size_of_spiRead              (abs)        0000
__size_of_spiReceiveWait       (abs)        0000
__size_of_tabla_numASCII       (abs)        0000
__stringbase                   strings      0008
__stringtab                    strings      0003
_cen_ADC                       bssBANK0     0026
_dec_ADC                       bssBANK0     0027
_divisor_dec                   text8        0550
_initOsc                       text6        049A
_main                          maintext     071F
_prender_ELCD                  text16       03FF
_set_cursor                    text7        050D
_setup                         text4        0474
_spiInit                       text5        041E
_spiRead                       text2        03F6
_spiReceiveWait                text3        03EF
_tabla_numASCII                text1        05FA
_uni_ADC                       bssBANK0     0028
_val_ADC                       bssBANK0     0029
btemp                          (abs)        007E
divisor_dec@b                  cstackBANK0  0020
divisor_dec@dig1               cstackCOMMON 0079
divisor_dec@n                  cstackBANK0  0021
end_of_initialization          cinit        07FC
initOsc@Valor                  cstackCOMMON 0070
intlevel0                      functab      0000
intlevel1                      functab      0000
intlevel2                      functab      0000
intlevel3                      functab      0000
intlevel4                      functab      0000
intlevel5                      functab      0000
reset_vec                      reset_vec    0000
set_cursor@linea               cstackCOMMON 0075
set_cursor@posicion            cstackCOMMON 0072
spiInit@sClockIdle             cstackCOMMON 0071
spiInit@sDataSample            cstackCOMMON 0070
spiInit@sTransmitEdge          cstackCOMMON 0072
spiInit@sType                  cstackCOMMON 0073
start                          init         0000
start_initialization           cinit        07F5
tabla_numASCII@a               cstackCOMMON 0070
wtemp0                         (abs)        007E


MODULE INFORMATION

Module		Function		Class		Link	Load	Size
Maestro.c
		_tabla_numASCII		CODE           	05FA	0000	89
		_main          		CODE           	071F	0000	214
		_setup         		CODE           	0474	0000	38

Maestro.c estimated size: 341

7SEG-hex.c
		_divisor_dec   		CODE           	0550	0000	81

7SEG-hex.c estimated size: 81

Oscilador.c
		_initOsc       		CODE           	049A	0000	48

Oscilador.c estimated size: 48

C:\Program Files\Microchip\xc8\v2.32\pic\sources\c90\common\awmod.c
		___awmod       		CODE           	05A1	0000	89

C:\Program Files\Microchip\xc8\v2.32\pic\sources\c90\common\awmod.c estimated size: 89

shared
		__stringtab    		STRING         	0003	0000	6
		__initialization		CODE           	07F5	0000	7

shared estimated size: 13

SPI.c
		_spiInit       		CODE           	041E	0000	22
		_spiReceiveWait		CODE           	03EF	0000	7
		_spiRead       		CODE           	03F6	0000	9

SPI.c estimated size: 38

C:\Program Files\Microchip\xc8\v2.32\pic\sources\c90\common\awdiv.c
		___awdiv       		CODE           	06B8	0000	103

C:\Program Files\Microchip\xc8\v2.32\pic\sources\c90\common\awdiv.c estimated size: 103

LCD.c
		_Escribir_caracterLCD		CODE           	040D	0000	17
		_Iniciar_LCD   		CODE           	0653	0000	101
		_set_cursor    		CODE           	050D	0000	67
		_Escribir_stringLCD		CODE           	044E	0000	38
		_Limpiar_pantallaLCD		CODE           	0434	0000	26
		_Escribir_comandoLCD		CODE           	04CA	0000	67
		_prender_ELCD  		CODE           	03FF	0000	14

LCD.c estimated size: 330

