Microchip MPLAB XC8 Compiler V2.32

Linker command line:

-W-3 --edf=C:\Program Files\Microchip\xc8\v2.32\pic\dat\en_msgs.txt -cn \
  -h+dist/default/production\MAESTRO_MPLAB.production.sym \
  --cmf=dist/default/production\MAESTRO_MPLAB.production.cmf -z -Q16F887 \
  -oC:\Users\jocar\AppData\Local\Temp\xcAsf7s.4 --defsym=__MPLAB_BUILD=1 \
  -Mdist/default/production/MAESTRO_MPLAB.production.map -E1 \
  -ver=XC8 Compiler --acfsm=1493 -ASTACK=0110h-016Fh -pstack=STACK \
  -ACODE=00h-07FFhx4 -ASTRCODE=00h-01FFFh -ASTRING=00h-0FFhx32 \
  -ACONST=00h-0FFhx32 -AENTRY=00h-0FFhx32 -ACOMMON=070h-07Fh \
  -ABANK0=020h-06Fh -ABANK1=0A0h-0EFh -ABANK2=0110h-016Fh \
  -ABANK3=0190h-01EFh -ARAM=020h-06Fh,0A0h-0EFh,0110h-016Fh,0190h-01EFh \
  -AABS1=020h-07Fh,0A0h-0EFh,0110h-016Fh,0190h-01EFh -ASFR0=00h-01Fh \
  -ASFR1=080h-09Fh -ASFR2=0100h-010Fh -ASFR3=0180h-018Fh \
  -ACONFIG=02007h-02008h -DCONFIG=2 -AIDLOC=02000h-02003h -DIDLOC=2 \
  -AEEDATA=00h-0FFh/02100h -peeprom_data=EEDATA -DEEDATA=2 -DCODE=2 \
  -DSTRCODE=2 -DSTRING=2 -DCONST=2 -DENTRY=2 \
  -preset_vec=00h,intentry=04h,init,end_init -ppowerup=CODE -pcinit=CODE \
  -pfunctab=ENTRY -k C:\Users\jocar\AppData\Local\Temp\xcAsf7s.o \
  dist/default/production\MAESTRO_MPLAB.production.o 

Object code version is 3.11

Machine type is 16F887



                Name                               Link     Load   Length Selector   Space Scale
C:\Users\jocar\AppData\Local\Temp\xcAsf7s.o
                end_init                              C        C        3        8       0
                reset_vec                             0        0        3        0       0
                config                             2007     2007        2        0       4
dist/default/production\MAESTRO_MPLAB.production.o
                cinit                                 F        F        B        8       0
                intentry                              4        4        8        8       0
                config                             2007     2007        2        0       4
                text14                              2FB      2FB        7      5D6       0
                text13                              2D2      2D2        E        8       0
                text12                              1AD      1AD       43        8       0
                text11                              2C1      2C1       11        8       0
                text10                              285      285       26        8       0
                text9                                A8       A8       69        8       0
                text8                               1F0      1F0       3F        8       0
                text7                               16A      16A       43        8       0
                text6                               22F      22F       30        8       0
                text5                               2AB      2AB       16        8       0
                text4                               25F      25F       26        8       0
                text3                               2F4      2F4        7      5D6       0
                text2                               2EB      2EB        9      5D6       0
                text1                               111      111       59        8       0
                maintext                             1A       1A       8E        8       0
                cstackBANK0                          20       20        A       20       1
                cstackCOMMON                         70       70        A       70       1
                bssBANK0                             2A       2A        3       20       1
                bssCOMMON                            7A       7A        2       70       1
                strings                             2E0      2E0        B      5C0       0

TOTAL           Name                               Link     Load   Length     Space
        CLASS   STACK          

        CLASS   CODE           
                end_init                              C        C        3         0
                cinit                                 F        F        B         0
                intentry                              4        4        8         0
                reset_vec                             0        0        3         0
                text14                              2FB      2FB        7         0
                text13                              2D2      2D2        E         0
                text12                              1AD      1AD       43         0
                text11                              2C1      2C1       11         0
                text10                              285      285       26         0
                text9                                A8       A8       69         0
                text8                               1F0      1F0       3F         0
                text7                               16A      16A       43         0
                text6                               22F      22F       30         0
                text5                               2AB      2AB       16         0
                text4                               25F      25F       26         0
                text3                               2F4      2F4        7         0
                text2                               2EB      2EB        9         0
                text1                               111      111       59         0
                maintext                             1A       1A       8E         0

        CLASS   STRCODE        

        CLASS   STRING         
                strings                             2E0      2E0        B         0

        CLASS   CONST          

        CLASS   ENTRY          

        CLASS   COMMON         
                cstackCOMMON                         70       70        A         1
                bssCOMMON                            7A       7A        2         1

        CLASS   BANK0          
                cstackBANK0                          20       20        A         1
                bssBANK0                             2A       2A        3         1

        CLASS   BANK1          

        CLASS   BANK2          

        CLASS   BANK3          

        CLASS   RAM            

        CLASS   ABS1           
                abs_s1                               7E       7E        2         1

        CLASS   SFR0           

        CLASS   SFR1           

        CLASS   SFR2           

        CLASS   SFR3           

        CLASS   CONFIG         
                config                             2007     2007        2         4

        CLASS   IDLOC          

        CLASS   EEDATA         



SEGMENTS        Name                           Load    Length   Top    Selector   Space  Class     Delta

                reset_vec                      000000  000003  000003         0       0  CODE        2
                intentry                       000004  0002DC  0002E0         8       0  CODE        2
                cstackBANK0                    000020  00000D  00002D        20       1  BANK0       1
                cstackCOMMON                   000070  00000C  00007C        70       1  COMMON      1
                strings                        0002E0  00000B  0002EB       5C0       0  STRING      2
                text2                          0002EB  000017  000302       5D6       0  CODE        2


UNUSED ADDRESS RANGES

        Name                Unused          Largest block    Delta
        BANK0            002D-006F             43           1
        BANK1            00A0-00EF             50           1
        BANK2            0110-016F             60           1
        BANK3            0190-01EF             60           1
        CODE             0003-0003              1           2
                         0302-1FFF            800
        COMMON           007C-007D              2           1
        CONST            0003-0003              1           2
                         0302-1FFF            100
        EEDATA           2100-21FF            100           2
        ENTRY            0003-0003              1           2
                         0302-1FFF            100
        IDLOC            2000-2003              4           2
        RAM              002D-006F             43           1
                         00A0-00EF             50
                         0110-016F             60
                         0190-01EF             60
        SFR0             0000-001F             20           1
        SFR1             0080-009F             20           1
        SFR2             0100-010F             10           1
        SFR3             0180-018F             10           1
        STACK            0110-016F             60           1
        STRCODE          0003-0003              1           2
                         0302-1FFF           1CFE
        STRING           0003-0003              1           2
                         0302-1FFF            100

                                  Symbol Table

?___awdiv                      cstackCOMMON 0072
?_tabla_numASCII               cstackCOMMON 0072
Escribir_caracterLCD@a         cstackCOMMON 0074
Escribir_comandoLCD@Comando    cstackCOMMON 0073
Escribir_stringLCD@d           cstackCOMMON 0075
Escribir_stringLCD@i           cstackCOMMON 0076
_ADC_dig                       bssCOMMON    007B
_ANSEL                         (abs)        0188
_ANSELH                        (abs)        0189
_Escribir_caracterLCD          text11       02C1
_Escribir_comandoLCD           text12       01AD
_Escribir_stringLCD            text10       0285
_OSCCONbits                    (abs)        008F
_PORTA                         (abs)        0005
_PORTB                         (abs)        0006
_PORTBbits                     (abs)        0006
_PORTCbits                     (abs)        0007
_PORTD                         (abs)        0008
_PORTDbits                     (abs)        0008
_PORTE                         (abs)        0009
_SSPBUF                        (abs)        0013
_SSPCON                        (abs)        0014
_SSPSTAT                       (abs)        0094
_SSPSTATbits                   (abs)        0094
_TRISA                         (abs)        0085
_TRISB                         (abs)        0086
_TRISC2                        (abs)        043A
_TRISC3                        (abs)        043B
_TRISC5                        (abs)        043D
_TRISD                         (abs)        0088
_TRISE                         (abs)        0089
__Habs1                        abs1         0000
__Hbank0                       bank0        0000
__Hbank1                       bank1        0000
__Hbank2                       bank2        0000
__Hbank3                       bank3        0000
__HbssBANK0                    bssBANK0     0000
__HbssCOMMON                   bssCOMMON    0000
__Hcinit                       cinit        001A
__Hclrtext                     clrtext      0000
__Hcode                        code         0000
__Hcommon                      common       0000
__Hconfig                      config       2009
__HcstackBANK0                 cstackBANK0  0000
__HcstackCOMMON                cstackCOMMON 0000
__Heeprom_data                 eeprom_data  0000
__Hend_init                    end_init     000F
__Hfunctab                     functab      0000
__Hinit                        init         000C
__Hintentry                    intentry     000C
__Hmaintext                    maintext     0000
__Hpowerup                     powerup      0000
__Hram                         ram          0000
__Hreset_vec                   reset_vec    0003
__Hsfr0                        sfr0         0000
__Hsfr1                        sfr1         0000
__Hsfr2                        sfr2         0000
__Hsfr3                        sfr3         0000
__Hspace_0                     (abs)        0302
__Hspace_1                     (abs)        007C
__Hspace_2                     (abs)        0000
__Hspace_3                     (abs)        0000
__Hspace_4                     (abs)        4010
__Hstack                       stack        0000
__Hstrings                     strings      0000
__Htext                        text         0000
__Labs1                        abs1         0000
__Lbank0                       bank0        0000
__Lbank1                       bank1        0000
__Lbank2                       bank2        0000
__Lbank3                       bank3        0000
__LbssBANK0                    bssBANK0     0000
__LbssCOMMON                   bssCOMMON    0000
__Lcinit                       cinit        000F
__Lclrtext                     clrtext      0000
__Lcode                        code         0000
__Lcommon                      common       0000
__Lconfig                      config       0000
__LcstackBANK0                 cstackBANK0  0000
__LcstackCOMMON                cstackCOMMON 0000
__Leeprom_data                 eeprom_data  0000
__Lend_init                    end_init     000C
__Lfunctab                     functab      0000
__Linit                        init         000C
__Lintentry                    intentry     0004
__Lmaintext                    maintext     0000
__Lpowerup                     powerup      0000
__Lram                         ram          0000
__Lreset_vec                   reset_vec    0000
__Lsfr0                        sfr0         0000
__Lsfr1                        sfr1         0000
__Lsfr2                        sfr2         0000
__Lsfr3                        sfr3         0000
__Lspace_0                     (abs)        0000
__Lspace_1                     (abs)        0000
__Lspace_2                     (abs)        0000
__Lspace_3                     (abs)        0000
__Lspace_4                     (abs)        0000
__Lstack                       stack        0000
__Lstrings                     strings      0000
__Ltext                        text         0000
__S0                           (abs)        0302
__S1                           (abs)        007C
__S2                           (abs)        0000
__S3                           (abs)        0000
___awdiv                       text9        00A8
___awdiv@counter               cstackBANK0  0020
___awdiv@dividend              cstackCOMMON 0074
___awdiv@divisor               cstackCOMMON 0072
___awdiv@quotient              cstackBANK0  0022
___awdiv@sign                  cstackBANK0  0021
___int_sp                      stack        0000
___latbits                     (abs)        0002
___sp                          stack        0000
___stackhi                     (abs)        0000
___stacklo                     (abs)        0000
__end_of_Escribir_caracterLCD  text11       02D2
__end_of_Escribir_comandoLCD   text12       01F0
__end_of_Escribir_stringLCD    text10       02AB
__end_of___awdiv               text9        0111
__end_of__initialization       cinit        0016
__end_of__stringtab            strings      02E6
__end_of_divisor_hex           text8        022F
__end_of_initOsc               text6        025F
__end_of_isr                   text14       0302
__end_of_main                  maintext     00A8
__end_of_prender_ELCD          text13       02E0
__end_of_set_cursor            text7        01AD
__end_of_setup                 text4        0285
__end_of_spiInit               text5        02C1
__end_of_spiRead               text2        02F4
__end_of_spiReceiveWait        text3        02FB
__end_of_tabla_numASCII        text1        016A
__initialization               cinit        000F
__pbssBANK0                    bssBANK0     002A
__pbssCOMMON                   bssCOMMON    007A
__pcstackBANK0                 cstackBANK0  0020
__pcstackCOMMON                cstackCOMMON 0070
__pintentry                    intentry     0004
__pmaintext                    maintext     001A
__pstrings                     strings      02E0
__ptext1                       text1        0111
__ptext10                      text10       0285
__ptext11                      text11       02C1
__ptext12                      text12       01AD
__ptext13                      text13       02D2
__ptext14                      text14       02FB
__ptext2                       text2        02EB
__ptext3                       text3        02F4
__ptext4                       text4        025F
__ptext5                       text5        02AB
__ptext6                       text6        022F
__ptext7                       text7        016A
__ptext8                       text8        01F0
__ptext9                       text9        00A8
__size_of_Escribir_caracterLCD (abs)        0000
__size_of_Escribir_comandoLCD  (abs)        0000
__size_of_Escribir_stringLCD   (abs)        0000
__size_of___awdiv              (abs)        0000
__size_of_divisor_hex          (abs)        0000
__size_of_initOsc              (abs)        0000
__size_of_isr                  (abs)        0000
__size_of_main                 (abs)        0000
__size_of_prender_ELCD         (abs)        0000
__size_of_set_cursor           (abs)        0000
__size_of_setup                (abs)        0000
__size_of_spiInit              (abs)        0000
__size_of_spiRead              (abs)        0000
__size_of_spiReceiveWait       (abs)        0000
__size_of_tabla_numASCII       (abs)        0000
__stringbase                   strings      02E5
__stringtab                    strings      02E0
_cen_ADC                       bssBANK0     002A
_dec_ADC                       bssBANK0     002B
_divisor_hex                   text8        01F0
_initOsc                       text6        022F
_isr                           text14       02FB
_main                          maintext     001A
_prender_ELCD                  text13       02D2
_set_cursor                    text7        016A
_setup                         text4        025F
_spiInit                       text5        02AB
_spiRead                       text2        02EB
_spiReceiveWait                text3        02F4
_tabla_numASCII                text1        0111
_uni_ADC                       bssBANK0     002C
_val_ADC                       bssCOMMON    007A
btemp                          (abs)        007E
divisor_hex@a                  cstackBANK0  0024
divisor_hex@dig                cstackCOMMON 0077
divisor_hex@i                  cstackBANK0  0025
end_of_initialization          cinit        0016
initOsc@Valor                  cstackCOMMON 0072
interrupt_function             intentry     0004
intlevel0                      functab      0000
intlevel1                      functab      0000
intlevel2                      functab      0000
intlevel3                      functab      0000
intlevel4                      functab      0000
intlevel5                      functab      0000
reset_vec                      reset_vec    0000
saved_w                        (abs)        007E
set_cursor@linea               cstackCOMMON 0077
set_cursor@posicion            cstackCOMMON 0074
spiInit@sClockIdle             cstackCOMMON 0073
spiInit@sDataSample            cstackCOMMON 0072
spiInit@sTransmitEdge          cstackCOMMON 0074
spiInit@sType                  cstackCOMMON 0075
start                          init         000C
start_initialization           cinit        000F
tabla_numASCII@a               cstackCOMMON 0072
wtemp0                         (abs)        007E


MODULE INFORMATION

Module		Function		Class		Link	Load	Size
Maestro.c
		_tabla_numASCII		CODE           	0111	0000	89
		_main          		CODE           	001A	0000	142
		_isr           		CODE           	02FB	0000	7
		_setup         		CODE           	025F	0000	38

Maestro.c estimated size: 276

7SEG-hex.c
		_divisor_hex   		CODE           	01F0	0000	63

7SEG-hex.c estimated size: 63

Oscilador.c
		_initOsc       		CODE           	022F	0000	48

Oscilador.c estimated size: 48

shared
		__stringtab    		STRING         	02E0	0000	6
		__initialization		CODE           	000F	0000	7

shared estimated size: 13

SPI.c
		_spiInit       		CODE           	02AB	0000	22
		_spiReceiveWait		CODE           	02F4	0000	7
		_spiRead       		CODE           	02EB	0000	9

SPI.c estimated size: 38

C:\Program Files\Microchip\xc8\v2.32\pic\sources\c90\common\awdiv.c
		___awdiv       		CODE           	00A8	0000	105

C:\Program Files\Microchip\xc8\v2.32\pic\sources\c90\common\awdiv.c estimated size: 105

LCD.c
		_Escribir_caracterLCD		CODE           	02C1	0000	17
		_set_cursor    		CODE           	016A	0000	67
		_Escribir_stringLCD		CODE           	0285	0000	38
		_Escribir_comandoLCD		CODE           	01AD	0000	67
		_prender_ELCD  		CODE           	02D2	0000	14

LCD.c estimated size: 203

