Microchip MPLAB XC8 Compiler V2.32

Linker command line:

-W-3 --edf=C:\Program Files\Microchip\xc8\v2.32\pic\dat\en_msgs.txt -cn \
  -h+dist/default/debug\MAESTRO_MPLAB.debug.sym \
  --cmf=dist/default/debug\MAESTRO_MPLAB.debug.cmf -z -Q16F887 \
  -oC:\Users\jocar\AppData\Local\Temp\xcAsc4c.4 --defsym=__MPLAB_BUILD=1 \
  -Mdist/default/debug/MAESTRO_MPLAB.debug.map -E1 -ver=XC8 Compiler \
  --acfsm=1493 -ASTACK=0110h-016Fh -pstack=STACK \
  -ACODE=00h-07FFhx3,01800h-01EFFh,01FFFh-01FFFh \
  -ASTRCODE=00h-01EFFh,01FFFh-01FFFh -ASTRING=00h-0FFhx31,01FFFh-01FFFh \
  -ACONST=00h-0FFhx31,01FFFh-01FFFh -AENTRY=00h-0FFhx31,01FFFh-01FFFh \
  -ACOMMON=071h-07Fh -ABANK0=020h-06Fh -ABANK1=0A0h-0EFh \
  -ABANK2=0110h-016Fh -ABANK3=0190h-01E4h \
  -ARAM=020h-06Fh,0A0h-0EFh,0110h-016Fh,0190h-01E4h \
  -AABS1=020h-07Fh,0A0h-0EFh,0110h-016Fh,0190h-01EFh -ASFR0=00h-01Fh \
  -ASFR1=080h-09Fh -ASFR2=0100h-010Fh -ASFR3=0180h-018Fh \
  -ACONFIG=02007h-02008h -DCONFIG=2 -AIDLOC=02000h-02003h -DIDLOC=2 \
  -AEEDATA=00h-0FFh/02100h -peeprom_data=EEDATA -DEEDATA=2 -DCODE=2 \
  -DSTRCODE=2 -DSTRING=2 -DCONST=2 -DENTRY=2 \
  -preset_vec=00h,intentry=04h,init,end_init -ppowerup=CODE -pcinit=CODE \
  -pfunctab=ENTRY -k C:\Users\jocar\AppData\Local\Temp\xcAsc4c.o \
  dist/default/debug\MAESTRO_MPLAB.debug.o 

Object code version is 3.11

Machine type is 16F887



                Name                               Link     Load   Length Selector   Space Scale
C:\Users\jocar\AppData\Local\Temp\xcAsc4c.o
                end_init                              C        C        3        8       0
                reset_vec                             0        0        4        0       0
                config                             2007     2007        2        0       4
dist/default/debug\MAESTRO_MPLAB.debug.o
                cinit                               7F4      7F4        C      FE8       0
                intentry                              4        4        8        8       0
                config                             2007     2007        2        0       4
                text6                               712      712        7      E24       0
                text5                               719      719        A      E32       0
                text4                               70C      70C        6      E18       0
                text3                               783      783       33      F06       0
                text2                               723      723       30      E46       0
                text1                               753      753       30      EA6       0
                maintext                            7B6      7B6       3E      F6C       0
                cstackCOMMON                         79       79        5       71       1
                bssCOMMON                            71       71        8       71       1

TOTAL           Name                               Link     Load   Length     Space
        CLASS   STACK          

        CLASS   CODE           
                end_init                              C        C        3         0
                cinit                               7F4      7F4        C         0
                intentry                              4        4        8         0
                reset_vec                             0        0        4         0
                text6                               712      712        7         0
                text5                               719      719        A         0
                text4                               70C      70C        6         0
                text3                               783      783       33         0
                text2                               723      723       30         0
                text1                               753      753       30         0
                maintext                            7B6      7B6       3E         0

        CLASS   STRCODE        

        CLASS   STRING         

        CLASS   CONST          

        CLASS   ENTRY          

        CLASS   COMMON         
                cstackCOMMON                         79       79        5         1
                bssCOMMON                            71       71        8         1

        CLASS   BANK0          

        CLASS   BANK1          

        CLASS   BANK2          

        CLASS   BANK3          

        CLASS   RAM            

        CLASS   ABS1           
                abs_s1                               7E       7E        2         1

        CLASS   SFR0           

        CLASS   SFR1           

        CLASS   SFR2           

        CLASS   SFR3           

        CLASS   CONFIG         
                config                             2007     2007        2         4

        CLASS   IDLOC          

        CLASS   EEDATA         



SEGMENTS        Name                           Load    Length   Top    Selector   Space  Class     Delta

                reset_vec                      000000  000004  000004         0       0  CODE        2
                intentry                       000004  00000B  00000F         8       0  CODE        2
                bssCOMMON                      000071  00000D  00007E        71       1  COMMON      1
                text4                          00070C  000006  000712       E18       0  CODE        2
                text6                          000712  000007  000719       E24       0  CODE        2
                text5                          000719  00000A  000723       E32       0  CODE        2
                text2                          000723  000030  000753       E46       0  CODE        2
                text1                          000753  000030  000783       EA6       0  CODE        2
                text3                          000783  000033  0007B6       F06       0  CODE        2
                maintext                       0007B6  00003E  0007F4       F6C       0  CODE        2
                cinit                          0007F4  00000C  000800       FE8       0  CODE        2


UNUSED ADDRESS RANGES

        Name                Unused          Largest block    Delta
        BANK0            0020-006F             50           1
        BANK1            00A0-00EF             50           1
        BANK2            0110-016F             60           1
        BANK3            0190-01E4             55           1
        CODE             000F-070B            6FD           2
                         0800-1EFF            800
                         1FFF-1FFF              1
        CONST            000F-070B            100           2
                         0800-1EFF            100
                         1FFF-1FFF              1
        EEDATA           2100-21FF            100           2
        ENTRY            000F-070B            100           2
                         0800-1EFF            100
                         1FFF-1FFF              1
        IDLOC            2000-2003              4           2
        RAM              0020-006F             50           1
                         00A0-00EF             50
                         0110-016F             60
                         0190-01E4             55
        SFR0             0000-001F             20           1
        SFR1             0080-009F             20           1
        SFR2             0100-010F             10           1
        SFR3             0180-018F             10           1
        STACK            0110-016F             60           1
        STRCODE          000F-070B            6FD           2
                         0800-1EFF           1700
                         1FFF-1FFF              1
        STRING           000F-070B            100           2
                         0800-1EFF            100
                         1FFF-1FFF              1

                                  Symbol Table

InitMSSP@Modo            cstackCOMMON 007B
WriteMSSP@Data           cstackCOMMON 007B
_ANSEL                   (abs)        0188
_ANSELH                  (abs)        0189
_InitMSSP                text3        0783
_MSSPin                  bssCOMMON    0071
_OSCCONbits              (abs)        008F
_PIE1bits                (abs)        008C
_PORTA                   (abs)        0005
_PORTB                   (abs)        0006
_PORTBbits               (abs)        0006
_PORTC                   (abs)        0007
_PORTCbits               (abs)        0007
_PORTD                   (abs)        0008
_PORTDbits               (abs)        0008
_PORTE                   (abs)        0009
_ReadMSSP                text5        0719
_SSPBUF                  (abs)        0013
_SSPCON                  (abs)        0014
_SSPCONbits              (abs)        0014
_SSPSTAT                 (abs)        0094
_SSPSTATbits             (abs)        0094
_TRISA                   (abs)        0085
_TRISAbits               (abs)        0085
_TRISB                   (abs)        0086
_TRISC0                  (abs)        0438
_TRISC1                  (abs)        0439
_TRISC2                  (abs)        043A
_TRISCbits               (abs)        0087
_TRISD                   (abs)        0088
_TRISE                   (abs)        0089
_WriteMSSP               text4        070C
__Habs1                  abs1         0000
__Hbank0                 bank0        0000
__Hbank1                 bank1        0000
__Hbank2                 bank2        0000
__Hbank3                 bank3        0000
__HbssCOMMON             bssCOMMON    0000
__Hcinit                 cinit        0800
__Hclrtext               clrtext      0000
__Hcode                  code         0000
__Hcommon                common       0000
__Hconfig                config       2009
__HcstackCOMMON          cstackCOMMON 0000
__Heeprom_data           eeprom_data  0000
__Hend_init              end_init     000F
__Hfunctab               functab      0000
__Hinit                  init         000C
__Hintentry              intentry     000C
__Hmaintext              maintext     0000
__Hpowerup               powerup      0000
__Hram                   ram          0000
__Hreset_vec             reset_vec    0004
__Hsfr0                  sfr0         0000
__Hsfr1                  sfr1         0000
__Hsfr2                  sfr2         0000
__Hsfr3                  sfr3         0000
__Hspace_0               (abs)        0800
__Hspace_1               (abs)        007E
__Hspace_2               (abs)        0000
__Hspace_3               (abs)        0000
__Hspace_4               (abs)        4010
__Hstack                 stack        0000
__Hstrings               strings      0000
__Htext                  text         0000
__Labs1                  abs1         0000
__Lbank0                 bank0        0000
__Lbank1                 bank1        0000
__Lbank2                 bank2        0000
__Lbank3                 bank3        0000
__LbssCOMMON             bssCOMMON    0000
__Lcinit                 cinit        07F4
__Lclrtext               clrtext      0000
__Lcode                  code         0000
__Lcommon                common       0000
__Lconfig                config       0000
__LcstackCOMMON          cstackCOMMON 0000
__Leeprom_data           eeprom_data  0000
__Lend_init              end_init     000C
__Lfunctab               functab      0000
__Linit                  init         000C
__Lintentry              intentry     0004
__Lmaintext              maintext     0000
__Lpowerup               powerup      0000
__Lram                   ram          0000
__Lreset_vec             reset_vec    0000
__Lsfr0                  sfr0         0000
__Lsfr1                  sfr1         0000
__Lsfr2                  sfr2         0000
__Lsfr3                  sfr3         0000
__Lspace_0               (abs)        0000
__Lspace_1               (abs)        0000
__Lspace_2               (abs)        0000
__Lspace_3               (abs)        0000
__Lspace_4               (abs)        0000
__Lstack                 stack        0000
__Lstrings               strings      0000
__Ltext                  text         0000
__S0                     (abs)        0800
__S1                     (abs)        007E
__S2                     (abs)        0000
__S3                     (abs)        0000
___int_sp                stack        0000
___latbits               (abs)        0002
___sp                    stack        0000
___stackhi               (abs)        0000
___stacklo               (abs)        0000
__end_of_InitMSSP        text3        07B6
__end_of_ReadMSSP        text5        0723
__end_of_WriteMSSP       text4        0712
__end_of__initialization cinit        07FC
__end_of_initOsc         text2        0753
__end_of_isr             text6        0719
__end_of_main            maintext     07F4
__end_of_setup           text1        0783
__initialization         cinit        07F4
__pbssCOMMON             bssCOMMON    0071
__pcstackCOMMON          cstackCOMMON 0079
__pintentry              intentry     0004
__pmaintext              maintext     07B6
__ptext1                 text1        0753
__ptext2                 text2        0723
__ptext3                 text3        0783
__ptext4                 text4        070C
__ptext5                 text5        0719
__ptext6                 text6        0712
__size_of_InitMSSP       (abs)        0000
__size_of_ReadMSSP       (abs)        0000
__size_of_WriteMSSP      (abs)        0000
__size_of_initOsc        (abs)        0000
__size_of_isr            (abs)        0000
__size_of_main           (abs)        0000
__size_of_setup          (abs)        0000
_initOsc                 text2        0723
_isr                     text6        0712
_main                    maintext     07B6
_setup                   text1        0753
_val_ADC                 bssCOMMON    0078
btemp                    (abs)        007E
end_of_initialization    cinit        07FC
initOsc@Valor            cstackCOMMON 007B
interrupt_function       intentry     0004
intlevel0                functab      0000
intlevel1                functab      0000
intlevel2                functab      0000
intlevel3                functab      0000
intlevel4                functab      0000
intlevel5                functab      0000
reset_vec                reset_vec    0000
saved_w                  (abs)        007E
start                    init         000C
start_initialization     cinit        07F4
wtemp0                   (abs)        007E


MODULE INFORMATION

Module		Function		Class		Link	Load	Size
Maestro.c
		_main          		CODE           	07B6	0000	62
		_isr           		CODE           	0712	0000	7
		_setup         		CODE           	0753	0000	48

Maestro.c estimated size: 117

Oscilador.c
		_initOsc       		CODE           	0723	0000	48

Oscilador.c estimated size: 48

shared
		__initialization		CODE           	07F4	0000	8

shared estimated size: 8

SPI.c
		_InitMSSP      		CODE           	0783	0000	51
		_ReadMSSP      		CODE           	0719	0000	10
		_WriteMSSP     		CODE           	070C	0000	6

SPI.c estimated size: 67

