Microchip MPLAB XC8 Compiler V2.32

Linker command line:

-W-3 --edf=C:\Program Files\Microchip\xc8\v2.32\pic\dat\en_msgs.txt -cn \
  -h+dist/default/production\ESCLAVO_3_MPLAB.production.sym \
  --cmf=dist/default/production\ESCLAVO_3_MPLAB.production.cmf -z -Q16F887 \
  -oC:\Users\jocar\AppData\Local\Temp\xcAsdjk.4 --defsym=__MPLAB_BUILD=1 \
  -Mdist/default/production/ESCLAVO_3_MPLAB.production.map -E1 \
  -ver=XC8 Compiler --acfsm=1493 -ASTACK=0110h-016Fh -pstack=STACK \
  -ACODE=00h-07FFhx4 -ASTRCODE=00h-01FFFh -ASTRING=00h-0FFhx32 \
  -ACONST=00h-0FFhx32 -AENTRY=00h-0FFhx32 -ACOMMON=070h-07Fh \
  -ABANK0=020h-06Fh -ABANK1=0A0h-0EFh -ABANK2=0110h-016Fh \
  -ABANK3=0190h-01EFh -ARAM=020h-06Fh,0A0h-0EFh,0110h-016Fh,0190h-01EFh \
  -AABS1=020h-07Fh,0A0h-0EFh,0110h-016Fh,0190h-01EFh -ASFR0=00h-01Fh \
  -ASFR1=080h-09Fh -ASFR2=0100h-010Fh -ASFR3=0180h-018Fh \
  -ACONFIG=02007h-02008h -DCONFIG=2 -AIDLOC=02000h-02003h -DIDLOC=2 \
  -AEEDATA=00h-0FFh/02100h -peeprom_data=EEDATA -DEEDATA=2 -DCODE=2 \
  -DSTRCODE=2 -DSTRING=2 -DCONST=2 -DENTRY=2 \
  -preset_vec=00h,intentry=04h,init,end_init -ppowerup=CODE -pcinit=CODE \
  -pfunctab=ENTRY -k C:\Users\jocar\AppData\Local\Temp\xcAsdjk.o \
  dist/default/production\ESCLAVO_3_MPLAB.production.o 

Object code version is 3.11

Machine type is 16F887



                Name                               Link     Load   Length Selector   Space Scale
C:\Users\jocar\AppData\Local\Temp\xcAsdjk.o
                end_init                              C        C        3        8       0
                reset_vec                             0        0        3        0       0
                config                             2007     2007        2        0       4
dist/default/production\ESCLAVO_3_MPLAB.production.o
                cinit                                 F        F        A        8       0
                intentry                              4        4        8        8       0
                config                             2007     2007        2        0       4
                text11                              1E8      1E8       1E        8       0
                text10                              221      221       15        8       0
                text9                               236      236        A        8       0
                text8                               240      240        6        8       0
                text7                                9F       9F       69        8       0
                text6                               1C3      1C3       25        8       0
                text5                               195      195       2E        8       0
                text4                               138      138       2F        8       0
                text3                               206      206       1B        8       0
                text2                               108      108       30        8       0
                text1                               167      167       2E        8       0
                maintext                             19       19       86        8       0
                cstackBANK0                          20       20        C       20       1
                cstackCOMMON                         70       70        A       70       1
                bssBANK0                             2C       2C        3       20       1
                bssCOMMON                            7A       7A        1       70       1

TOTAL           Name                               Link     Load   Length     Space
        CLASS   STACK          

        CLASS   CODE           
                end_init                              C        C        3         0
                cinit                                 F        F        A         0
                intentry                              4        4        8         0
                reset_vec                             0        0        3         0
                text11                              1E8      1E8       1E         0
                text10                              221      221       15         0
                text9                               236      236        A         0
                text8                               240      240        6         0
                text7                                9F       9F       69         0
                text6                               1C3      1C3       25         0
                text5                               195      195       2E         0
                text4                               138      138       2F         0
                text3                               206      206       1B         0
                text2                               108      108       30         0
                text1                               167      167       2E         0
                maintext                             19       19       86         0

        CLASS   STRCODE        

        CLASS   STRING         

        CLASS   CONST          

        CLASS   ENTRY          

        CLASS   COMMON         
                cstackCOMMON                         70       70        A         1
                bssCOMMON                            7A       7A        1         1

        CLASS   BANK0          
                cstackBANK0                          20       20        C         1
                bssBANK0                             2C       2C        3         1

        CLASS   BANK1          

        CLASS   BANK2          

        CLASS   BANK3          

        CLASS   RAM            

        CLASS   ABS1           
                abs_s1                               7E       7E        2         1

        CLASS   SFR0           

        CLASS   SFR1           

        CLASS   SFR2           

        CLASS   SFR3           

        CLASS   CONFIG         
                config                             2007     2007        2         4

        CLASS   IDLOC          

        CLASS   EEDATA         



SEGMENTS        Name                           Load    Length   Top    Selector   Space  Class     Delta

                reset_vec                      000000  000003  000003         0       0  CODE        2
                intentry                       000004  000242  000246         8       0  CODE        2
                cstackBANK0                    000020  00000F  00002F        20       1  BANK0       1
                cstackCOMMON                   000070  00000B  00007B        70       1  COMMON      1


UNUSED ADDRESS RANGES

        Name                Unused          Largest block    Delta
        BANK0            002F-006F             41           1
        BANK1            00A0-00EF             50           1
        BANK2            0110-016F             60           1
        BANK3            0190-01EF             60           1
        CODE             0003-0003              1           2
                         0246-1FFF            800
        COMMON           007B-007D              3           1
        CONST            0003-0003              1           2
                         0246-1FFF            100
        EEDATA           2100-21FF            100           2
        ENTRY            0003-0003              1           2
                         0246-1FFF            100
        IDLOC            2000-2003              4           2
        RAM              002F-006F             41           1
                         00A0-00EF             50
                         0110-016F             60
                         0190-01EF             60
        SFR0             0000-001F             20           1
        SFR1             0080-009F             20           1
        SFR2             0100-010F             10           1
        SFR3             0180-018F             10           1
        STACK            0110-016F             60           1
        STRCODE          0003-0003              1           2
                         0246-1FFF           1DBA
        STRING           0003-0003              1           2
                         0246-1FFF            100

                                  Symbol Table

?___awdiv                cstackBANK0  0020
?___wmul                 cstackCOMMON 0073
InitMSSP@Modo            cstackCOMMON 0073
WriteMSSP@Data           cstackCOMMON 0073
_ADC                     text11       01E8
_ADCON0bits              (abs)        001F
_ADCON1bits              (abs)        009F
_ADRESH                  (abs)        001E
_ANSEL                   (abs)        0188
_ANSELH                  (abs)        0189
_INTCONbits              (abs)        000B
_InitMSSP                text4        0138
_OSCCONbits              (abs)        008F
_PIE1bits                (abs)        008C
_PIR1bits                (abs)        000C
_PORTB                   (abs)        0006
_PORTD                   (abs)        0008
_PORTE                   (abs)        0009
_PORTEbits               (abs)        0009
_ReadMSSP                text9        0236
_SSPBUF                  (abs)        0013
_SSPCON                  (abs)        0014
_SSPCONbits              (abs)        0014
_SSPSTAT                 (abs)        0094
_SSPSTATbits             (abs)        0094
_TRISA                   (abs)        0085
_TRISAbits               (abs)        0085
_TRISB                   (abs)        0086
_TRISCbits               (abs)        0087
_TRISD                   (abs)        0088
_TRISE                   (abs)        0089
_WriteMSSP               text8        0240
__Habs1                  abs1         0000
__Hbank0                 bank0        0000
__Hbank1                 bank1        0000
__Hbank2                 bank2        0000
__Hbank3                 bank3        0000
__HbssBANK0              bssBANK0     0000
__HbssCOMMON             bssCOMMON    0000
__Hcinit                 cinit        0019
__Hclrtext               clrtext      0000
__Hcode                  code         0000
__Hcommon                common       0000
__Hconfig                config       2009
__HcstackBANK0           cstackBANK0  0000
__HcstackCOMMON          cstackCOMMON 0000
__Heeprom_data           eeprom_data  0000
__Hend_init              end_init     000F
__Hfunctab               functab      0000
__Hinit                  init         000C
__Hintentry              intentry     000C
__Hmaintext              maintext     0000
__Hpowerup               powerup      0000
__Hram                   ram          0000
__Hreset_vec             reset_vec    0003
__Hsfr0                  sfr0         0000
__Hsfr1                  sfr1         0000
__Hsfr2                  sfr2         0000
__Hsfr3                  sfr3         0000
__Hspace_0               (abs)        0246
__Hspace_1               (abs)        007B
__Hspace_2               (abs)        0000
__Hspace_3               (abs)        0000
__Hspace_4               (abs)        4010
__Hstack                 stack        0000
__Hstrings               strings      0000
__Htext                  text         0000
__Labs1                  abs1         0000
__Lbank0                 bank0        0000
__Lbank1                 bank1        0000
__Lbank2                 bank2        0000
__Lbank3                 bank3        0000
__LbssBANK0              bssBANK0     0000
__LbssCOMMON             bssCOMMON    0000
__Lcinit                 cinit        000F
__Lclrtext               clrtext      0000
__Lcode                  code         0000
__Lcommon                common       0000
__Lconfig                config       0000
__LcstackBANK0           cstackBANK0  0000
__LcstackCOMMON          cstackCOMMON 0000
__Leeprom_data           eeprom_data  0000
__Lend_init              end_init     000C
__Lfunctab               functab      0000
__Linit                  init         000C
__Lintentry              intentry     0004
__Lmaintext              maintext     0000
__Lpowerup               powerup      0000
__Lram                   ram          0000
__Lreset_vec             reset_vec    0000
__Lsfr0                  sfr0         0000
__Lsfr1                  sfr1         0000
__Lsfr2                  sfr2         0000
__Lsfr3                  sfr3         0000
__Lspace_0               (abs)        0000
__Lspace_1               (abs)        0000
__Lspace_2               (abs)        0000
__Lspace_3               (abs)        0000
__Lspace_4               (abs)        0000
__Lstack                 stack        0000
__Lstrings               strings      0000
__Ltext                  text         0000
__S0                     (abs)        0246
__S1                     (abs)        007B
__S2                     (abs)        0000
__S3                     (abs)        0000
___awdiv                 text7        009F
___awdiv@counter         cstackBANK0  0024
___awdiv@dividend        cstackBANK0  0022
___awdiv@divisor         cstackBANK0  0020
___awdiv@quotient        cstackBANK0  0026
___awdiv@sign            cstackBANK0  0025
___int_sp                stack        0000
___latbits               (abs)        0002
___sp                    stack        0000
___stackhi               (abs)        0000
___stacklo               (abs)        0000
___wmul                  text6        01C3
___wmul@multiplicand     cstackCOMMON 0075
___wmul@multiplier       cstackCOMMON 0073
___wmul@product          cstackCOMMON 0077
__end_of_ADC             text11       0206
__end_of_InitMSSP        text4        0167
__end_of_ReadMSSP        text9        0240
__end_of_WriteMSSP       text8        0246
__end_of___awdiv         text7        0108
__end_of___wmul          text6        01E8
__end_of__initialization cinit        0015
__end_of_config_ADC      text3        0221
__end_of_conversion      text5        01C3
__end_of_initOsc         text2        0138
__end_of_isr             text10       0236
__end_of_main            maintext     009F
__end_of_setup           text1        0195
__initialization         cinit        000F
__pbssBANK0              bssBANK0     002C
__pbssCOMMON             bssCOMMON    007A
__pcstackBANK0           cstackBANK0  0020
__pcstackCOMMON          cstackCOMMON 0070
__pintentry              intentry     0004
__pmaintext              maintext     0019
__ptext1                 text1        0167
__ptext10                text10       0221
__ptext11                text11       01E8
__ptext2                 text2        0108
__ptext3                 text3        0206
__ptext4                 text4        0138
__ptext5                 text5        0195
__ptext6                 text6        01C3
__ptext7                 text7        009F
__ptext8                 text8        0240
__ptext9                 text9        0236
__size_of_ADC            (abs)        0000
__size_of_InitMSSP       (abs)        0000
__size_of_ReadMSSP       (abs)        0000
__size_of_WriteMSSP      (abs)        0000
__size_of___awdiv        (abs)        0000
__size_of___wmul         (abs)        0000
__size_of_config_ADC     (abs)        0000
__size_of_conversion     (abs)        0000
__size_of_initOsc        (abs)        0000
__size_of_isr            (abs)        0000
__size_of_main           (abs)        0000
__size_of_setup          (abs)        0000
_config_ADC              text3        0206
_cont1                   bssBANK0     002E
_cont2                   bssCOMMON    007A
_conversion              text5        0195
_initOsc                 text2        0108
_isr                     text10       0221
_main                    maintext     0019
_main$1151               cstackBANK0  002A
_read2                   bssBANK0     002D
_setup                   text1        0167
_temp                    bssBANK0     002C
btemp                    (abs)        007E
config_ADC@channel       cstackCOMMON 0073
end_of_initialization    cinit        0015
initOsc@Valor            cstackCOMMON 0073
interrupt_function       intentry     0004
intlevel0                functab      0000
intlevel1                functab      0000
intlevel2                functab      0000
intlevel3                functab      0000
intlevel4                functab      0000
intlevel5                functab      0000
reset_vec                reset_vec    0000
saved_w                  (abs)        007E
start                    init         000C
start_initialization     cinit        000F
wtemp0                   (abs)        007E


MODULE INFORMATION

Module		Function		Class		Link	Load	Size
ESCLAVO3.c
		_main          		CODE           	0019	0000	134
		_isr           		CODE           	0221	0000	21
		_setup         		CODE           	0167	0000	46

ESCLAVO3.c estimated size: 201

Oscilador.c
		_initOsc       		CODE           	0108	0000	48

Oscilador.c estimated size: 48

shared
		__initialization		CODE           	000F	0000	6

shared estimated size: 6

ADC.c
		_ADC           		CODE           	01E8	0000	30
		_conversion    		CODE           	0195	0000	46
		_config_ADC    		CODE           	0206	0000	27

ADC.c estimated size: 103

SPI.c
		_InitMSSP      		CODE           	0138	0000	47
		_ReadMSSP      		CODE           	0236	0000	10
		_WriteMSSP     		CODE           	0240	0000	6

SPI.c estimated size: 63

C:\Program Files\Microchip\xc8\v2.32\pic\sources\c90\common\awdiv.c
		___awdiv       		CODE           	009F	0000	105

C:\Program Files\Microchip\xc8\v2.32\pic\sources\c90\common\awdiv.c estimated size: 105

C:\Program Files\Microchip\xc8\v2.32\pic\sources\c90\common\Umul16.c
		___wmul        		CODE           	01C3	0000	37

C:\Program Files\Microchip\xc8\v2.32\pic\sources\c90\common\Umul16.c estimated size: 37

