Microchip MPLAB XC8 Compiler V2.32

Linker command line:

-W-3 --edf=C:\Program Files\Microchip\xc8\v2.32\pic\dat\en_msgs.txt -cn \
  -h+dist/default/production\ESCLAVO_3_MPLAB.production.sym \
  --cmf=dist/default/production\ESCLAVO_3_MPLAB.production.cmf -z -Q16F887 \
  -oC:\Users\jocar\AppData\Local\Temp\xcAshus.6 --defsym=__MPLAB_BUILD=1 \
  -Mdist/default/production/ESCLAVO_3_MPLAB.production.map -E1 \
  -ver=XC8 Compiler --acfsm=1493 -ASTACK=0110h-016Fh -pstack=STACK \
  -ACODE=00h-07FFhx4 -ASTRCODE=00h-01FFFh -ASTRING=00h-0FFhx32 \
  -ACONST=00h-0FFhx32 -AENTRY=00h-0FFhx32 -ACOMMON=070h-07Fh \
  -ABANK0=020h-06Fh -ABANK1=0A0h-0EFh -ABANK2=0110h-016Fh \
  -ABANK3=0190h-01EFh -ARAM=020h-06Fh,0A0h-0EFh,0110h-016Fh,0190h-01EFh \
  -AABS1=020h-07Fh,0A0h-0EFh,0110h-016Fh,0190h-01EFh -ASFR0=00h-01Fh \
  -ASFR1=080h-09Fh -ASFR2=0100h-010Fh -ASFR3=0180h-018Fh \
  -ACONFIG=02007h-02008h -DCONFIG=2 -AIDLOC=02000h-02003h -DIDLOC=2 \
  -AEEDATA=00h-0FFh/02100h -peeprom_data=EEDATA -DEEDATA=2 -DCODE=2 \
  -DSTRCODE=2 -DSTRING=2 -DCONST=2 -DENTRY=2 \
  -preset_vec=00h,intentry=04h,init,end_init -ppowerup=CODE -pcinit=CODE \
  -pfunctab=ENTRY -k C:\Users\jocar\AppData\Local\Temp\xcAshus.o \
  dist/default/production\ESCLAVO_3_MPLAB.production.o 

Object code version is 3.11

Machine type is 16F887



                Name                               Link     Load   Length Selector   Space Scale
C:\Users\jocar\AppData\Local\Temp\xcAshus.o
                end_init                              C        C        3        8       0
                reset_vec                             0        0        3        0       0
                config                             2007     2007        2        0       4
dist/default/production\ESCLAVO_3_MPLAB.production.o
                cinit                                 F        F        8        8       0
                intentry                              4        4        8        8       0
                config                             2007     2007        2        0       4
                text13                              63A      63A       1E        8       0
                text12                              675      675        A        8       0
                text11                              67F      67F        6        8       0
                text10                              5E7      5E7       2A        8       0
                text9                               611      611       29        8       0
                text8                                17       17      361        8       0
                text7                               434      434       7C        8       0
                text6                               378      378       BC        8       0
                text5                               5B9      5B9       2E        8       0
                text4                               58B      58B       2E        8       0
                text3                               658      658       1D        8       0
                text2                               55B      55B       30        8       0
                text1                               527      527       34        8       0
                maintext                            4B0      4B0       77        8       0
                cstackBANK0                          20       20       38       20       1
                cstackCOMMON                         70       70        6       70       1
                bssCOMMON                            76       76        4       70       1

TOTAL           Name                               Link     Load   Length     Space
        CLASS   STACK          

        CLASS   CODE           
                end_init                              C        C        3         0
                cinit                                 F        F        8         0
                intentry                              4        4        8         0
                reset_vec                             0        0        3         0
                text13                              63A      63A       1E         0
                text12                              675      675        A         0
                text11                              67F      67F        6         0
                text10                              5E7      5E7       2A         0
                text9                               611      611       29         0
                text8                                17       17      361         0
                text7                               434      434       7C         0
                text6                               378      378       BC         0
                text5                               5B9      5B9       2E         0
                text4                               58B      58B       2E         0
                text3                               658      658       1D         0
                text2                               55B      55B       30         0
                text1                               527      527       34         0
                maintext                            4B0      4B0       77         0

        CLASS   STRCODE        

        CLASS   STRING         

        CLASS   CONST          

        CLASS   ENTRY          

        CLASS   COMMON         
                cstackCOMMON                         70       70        6         1
                bssCOMMON                            76       76        4         1

        CLASS   BANK0          
                cstackBANK0                          20       20       38         1

        CLASS   BANK1          

        CLASS   BANK2          

        CLASS   BANK3          

        CLASS   RAM            

        CLASS   ABS1           
                abs_s1                               7E       7E        2         1

        CLASS   SFR0           

        CLASS   SFR1           

        CLASS   SFR2           

        CLASS   SFR3           

        CLASS   CONFIG         
                config                             2007     2007        2         4

        CLASS   IDLOC          

        CLASS   EEDATA         



SEGMENTS        Name                           Load    Length   Top    Selector   Space  Class     Delta

                reset_vec                      000000  000003  000003         0       0  CODE        2
                intentry                       000004  000681  000685         8       0  CODE        2
                cstackBANK0                    000020  000038  000058        20       1  BANK0       1
                cstackCOMMON                   000070  00000A  00007A        70       1  COMMON      1


UNUSED ADDRESS RANGES

        Name                Unused          Largest block    Delta
        BANK0            0058-006F             18           1
        BANK1            00A0-00EF             50           1
        BANK2            0110-016F             60           1
        BANK3            0190-01EF             60           1
        CODE             0003-0003              1           2
                         0685-1FFF            800
        COMMON           007A-007D              4           1
        CONST            0003-0003              1           2
                         0685-1FFF            100
        EEDATA           2100-21FF            100           2
        ENTRY            0003-0003              1           2
                         0685-1FFF            100
        IDLOC            2000-2003              4           2
        RAM              0058-006F             18           1
                         00A0-00EF             50
                         0110-016F             60
                         0190-01EF             60
        SFR0             0000-001F             20           1
        SFR1             0080-009F             20           1
        SFR2             0100-010F             10           1
        SFR3             0180-018F             10           1
        STACK            0110-016F             60           1
        STRCODE          0003-0003              1           2
                         0685-1FFF           197B
        STRING           0003-0003              1           2
                         0685-1FFF            100

                                  Symbol Table

?__Umul8_16              cstackCOMMON 0074
?___flmul                cstackBANK0  002E
?___fltol                cstackBANK0  0048
?___xxtofl               cstackBANK0  0020
InitMSSP@Modo            cstackCOMMON 0074
WriteMSSP@Data           cstackCOMMON 0070
_ADC                     text13       063A
_ADCON0bits              (abs)        001F
_ADCON1bits              (abs)        009F
_ADRESH                  (abs)        001E
_ANSEL                   (abs)        0188
_ANSELH                  (abs)        0189
_INTCONbits              (abs)        000B
_InitMSSP                text4        058B
_OSCCONbits              (abs)        008F
_PIE1bits                (abs)        008C
_PIR1bits                (abs)        000C
_PORTB                   (abs)        0006
_PORTD                   (abs)        0008
_PORTE                   (abs)        0009
_PORTEbits               (abs)        0009
_ReadMSSP                text12       0675
_SSPBUF                  (abs)        0013
_SSPCON                  (abs)        0014
_SSPCONbits              (abs)        0014
_SSPIF                   (abs)        0063
_SSPSTAT                 (abs)        0094
_SSPSTATbits             (abs)        0094
_TRISA                   (abs)        0085
_TRISAbits               (abs)        0085
_TRISB                   (abs)        0086
_TRISCbits               (abs)        0087
_TRISD                   (abs)        0088
_TRISE                   (abs)        0089
_WriteMSSP               text11       067F
__Habs1                  abs1         0000
__Hbank0                 bank0        0000
__Hbank1                 bank1        0000
__Hbank2                 bank2        0000
__Hbank3                 bank3        0000
__HbssCOMMON             bssCOMMON    0000
__Hcinit                 cinit        0017
__Hclrtext               clrtext      0000
__Hcode                  code         0000
__Hcommon                common       0000
__Hconfig                config       2009
__HcstackBANK0           cstackBANK0  0000
__HcstackCOMMON          cstackCOMMON 0000
__Heeprom_data           eeprom_data  0000
__Hend_init              end_init     000F
__Hfunctab               functab      0000
__Hinit                  init         000C
__Hintentry              intentry     000C
__Hmaintext              maintext     0000
__Hpowerup               powerup      0000
__Hram                   ram          0000
__Hreset_vec             reset_vec    0003
__Hsfr0                  sfr0         0000
__Hsfr1                  sfr1         0000
__Hsfr2                  sfr2         0000
__Hsfr3                  sfr3         0000
__Hspace_0               (abs)        0685
__Hspace_1               (abs)        007A
__Hspace_2               (abs)        0000
__Hspace_3               (abs)        0000
__Hspace_4               (abs)        4010
__Hstack                 stack        0000
__Hstrings               strings      0000
__Htext                  text         0000
__Labs1                  abs1         0000
__Lbank0                 bank0        0000
__Lbank1                 bank1        0000
__Lbank2                 bank2        0000
__Lbank3                 bank3        0000
__LbssCOMMON             bssCOMMON    0000
__Lcinit                 cinit        000F
__Lclrtext               clrtext      0000
__Lcode                  code         0000
__Lcommon                common       0000
__Lconfig                config       0000
__LcstackBANK0           cstackBANK0  0000
__LcstackCOMMON          cstackCOMMON 0000
__Leeprom_data           eeprom_data  0000
__Lend_init              end_init     000C
__Lfunctab               functab      0000
__Linit                  init         000C
__Lintentry              intentry     0004
__Lmaintext              maintext     0000
__Lpowerup               powerup      0000
__Lram                   ram          0000
__Lreset_vec             reset_vec    0000
__Lsfr0                  sfr0         0000
__Lsfr1                  sfr1         0000
__Lsfr2                  sfr2         0000
__Lsfr3                  sfr3         0000
__Lspace_0               (abs)        0000
__Lspace_1               (abs)        0000
__Lspace_2               (abs)        0000
__Lspace_3               (abs)        0000
__Lspace_4               (abs)        0000
__Lstack                 stack        0000
__Lstrings               strings      0000
__Ltext                  text         0000
__S0                     (abs)        0685
__S1                     (abs)        007A
__S2                     (abs)        0000
__S3                     (abs)        0000
__Umul8_16               text9        0611
__Umul8_16@multiplicand  cstackCOMMON 0074
__Umul8_16@multiplier    cstackBANK0  0026
__Umul8_16@product       cstackBANK0  0022
__Umul8_16@word_mpld     cstackBANK0  0024
___flmul                 text8        0017
___flmul@a               cstackBANK0  0032
___flmul@aexp            cstackBANK0  003C
___flmul@b               cstackBANK0  002E
___flmul@bexp            cstackBANK0  0041
___flmul@grs             cstackBANK0  003D
___flmul@prod            cstackBANK0  0042
___flmul@sign            cstackBANK0  003B
___flmul@temp            cstackBANK0  0046
___fltol                 text7        0434
___fltol@exp1            cstackBANK0  0052
___fltol@f1              cstackBANK0  0048
___fltol@sign1           cstackBANK0  0051
___int_sp                stack        0000
___latbits               (abs)        0002
___sp                    stack        0000
___stackhi               (abs)        0000
___stacklo               (abs)        0000
___xxtofl                text6        0378
___xxtofl@arg            cstackBANK0  002A
___xxtofl@exp            cstackBANK0  0029
___xxtofl@sign           cstackBANK0  0028
___xxtofl@val            cstackBANK0  0020
__end_of_ADC             text13       0658
__end_of_InitMSSP        text4        05B9
__end_of_ReadMSSP        text12       067F
__end_of_WriteMSSP       text11       0685
__end_of__Umul8_16       text9        063A
__end_of___flmul         text8        0378
__end_of___fltol         text7        04B0
__end_of___xxtofl        text6        0434
__end_of__initialization cinit        0013
__end_of_config_ADC      text3        0675
__end_of_conversion      text5        05E7
__end_of_initOsc         text2        058B
__end_of_isr             text10       0611
__end_of_main            maintext     0527
__end_of_setup           text1        055B
__initialization         cinit        000F
__pbssCOMMON             bssCOMMON    0076
__pcstackBANK0           cstackBANK0  0020
__pcstackCOMMON          cstackCOMMON 0070
__pintentry              intentry     0004
__pmaintext              maintext     04B0
__ptext1                 text1        0527
__ptext10                text10       05E7
__ptext11                text11       067F
__ptext12                text12       0675
__ptext13                text13       063A
__ptext2                 text2        055B
__ptext3                 text3        0658
__ptext4                 text4        058B
__ptext5                 text5        05B9
__ptext6                 text6        0378
__ptext7                 text7        0434
__ptext8                 text8        0017
__ptext9                 text9        0611
__size_of_ADC            (abs)        0000
__size_of_InitMSSP       (abs)        0000
__size_of_ReadMSSP       (abs)        0000
__size_of_WriteMSSP      (abs)        0000
__size_of__Umul8_16      (abs)        0000
__size_of___flmul        (abs)        0000
__size_of___fltol        (abs)        0000
__size_of___xxtofl       (abs)        0000
__size_of_config_ADC     (abs)        0000
__size_of_conversion     (abs)        0000
__size_of_initOsc        (abs)        0000
__size_of_isr            (abs)        0000
__size_of_main           (abs)        0000
__size_of_setup          (abs)        0000
_config_ADC              text3        0658
_cont1                   bssCOMMON    0079
_cont2                   bssCOMMON    0078
_conversion              text5        05B9
_initOsc                 text2        055B
_isr                     text10       05E7
_main                    maintext     04B0
_read2                   bssCOMMON    0077
_setup                   text1        0527
_temp                    bssCOMMON    0076
btemp                    (abs)        007E
config_ADC@channel       cstackCOMMON 0074
end_of_initialization    cinit        0013
initOsc@Valor            cstackCOMMON 0074
interrupt_function       intentry     0004
intlevel0                functab      0000
intlevel1                functab      0000
intlevel2                functab      0000
intlevel3                functab      0000
intlevel4                functab      0000
intlevel5                functab      0000
reset_vec                reset_vec    0000
saved_w                  (abs)        007E
start                    init         000C
start_initialization     cinit        000F
wtemp0                   (abs)        007E


MODULE INFORMATION

Module		Function		Class		Link	Load	Size
ESCLAVO3.c
		_main          		CODE           	04B0	0000	119
		_isr           		CODE           	05E7	0000	42
		_setup         		CODE           	0527	0000	52

ESCLAVO3.c estimated size: 213

C:\Program Files\Microchip\xc8\v2.32\pic\sources\c90\common\xxtofl.c
		___xxtofl      		CODE           	0378	0000	188

C:\Program Files\Microchip\xc8\v2.32\pic\sources\c90\common\xxtofl.c estimated size: 188

C:\Program Files\Microchip\xc8\v2.32\pic\sources\c90\common\Umul8_16.c
		__Umul8_16     		CODE           	0611	0000	41

C:\Program Files\Microchip\xc8\v2.32\pic\sources\c90\common\Umul8_16.c estimated size: 41

Oscilador.c
		_initOsc       		CODE           	055B	0000	48

Oscilador.c estimated size: 48

shared
		__initialization		CODE           	000F	0000	4

shared estimated size: 4

ADC.c
		_ADC           		CODE           	063A	0000	30
		_conversion    		CODE           	05B9	0000	46
		_config_ADC    		CODE           	0658	0000	29

ADC.c estimated size: 105

C:\Program Files\Microchip\xc8\v2.32\pic\sources\c90\common\sprcmul.c
		___flmul       		CODE           	0017	0000	865

C:\Program Files\Microchip\xc8\v2.32\pic\sources\c90\common\sprcmul.c estimated size: 865

SPI.c
		_InitMSSP      		CODE           	058B	0000	46
		_ReadMSSP      		CODE           	0675	0000	10
		_WriteMSSP     		CODE           	067F	0000	6

SPI.c estimated size: 62

C:\Program Files\Microchip\xc8\v2.32\pic\sources\c90\common\fltol.c
		___fltol       		CODE           	0434	0000	124

C:\Program Files\Microchip\xc8\v2.32\pic\sources\c90\common\fltol.c estimated size: 124

